-- Logs begin at Fri 2020-11-20 19:38:34 CET, end at Wed 2020-11-25 15:48:32 CET. --
Nov 25 09:17:48 arch kernel: Linux version 5.9.10-zen1-1-zen (linux-zen@archlinux) (gcc (GCC) 10.2.0, GNU ld (GNU Binutils) 2.35.1) #1 ZEN SMP PREEMPT Sun, 22 Nov 2020 14:22:26 +0000
Nov 25 09:17:48 arch kernel: Command line: BOOT_IMAGE=/boot/vmlinuz-linux-zen root=UUID=cbb02141-7d76-4a1a-9189-67dc18c39d81 rw loglevel=3 quiet
Nov 25 09:17:48 arch kernel: KERNEL supported cpus:
Nov 25 09:17:48 arch kernel:   Intel GenuineIntel
Nov 25 09:17:48 arch kernel:   AMD AuthenticAMD
Nov 25 09:17:48 arch kernel:   Hygon HygonGenuine
Nov 25 09:17:48 arch kernel:   Centaur CentaurHauls
Nov 25 09:17:48 arch kernel:   zhaoxin   Shanghai  
Nov 25 09:17:48 arch kernel: x86/fpu: Supporting XSAVE feature 0x001: 'x87 floating point registers'
Nov 25 09:17:48 arch kernel: x86/fpu: Supporting XSAVE feature 0x002: 'SSE registers'
Nov 25 09:17:48 arch kernel: x86/fpu: Supporting XSAVE feature 0x004: 'AVX registers'
Nov 25 09:17:48 arch kernel: x86/fpu: Supporting XSAVE feature 0x008: 'MPX bounds registers'
Nov 25 09:17:48 arch kernel: x86/fpu: Supporting XSAVE feature 0x010: 'MPX CSR'
Nov 25 09:17:48 arch kernel: x86/fpu: xstate_offset[2]:  576, xstate_sizes[2]:  256
Nov 25 09:17:48 arch kernel: x86/fpu: xstate_offset[3]:  832, xstate_sizes[3]:   64
Nov 25 09:17:48 arch kernel: x86/fpu: xstate_offset[4]:  896, xstate_sizes[4]:   64
Nov 25 09:17:48 arch kernel: x86/fpu: Enabled xstate features 0x1f, context size is 960 bytes, using 'compacted' format.
Nov 25 09:17:48 arch kernel: BIOS-provided physical RAM map:
Nov 25 09:17:48 arch kernel: BIOS-e820: [mem 0x0000000000000000-0x000000000009efff] usable
Nov 25 09:17:48 arch kernel: BIOS-e820: [mem 0x000000000009f000-0x00000000000fffff] reserved
Nov 25 09:17:48 arch kernel: BIOS-e820: [mem 0x0000000000100000-0x000000009545dfff] usable
Nov 25 09:17:48 arch kernel: BIOS-e820: [mem 0x000000009545e000-0x000000009582dfff] type 20
Nov 25 09:17:48 arch kernel: BIOS-e820: [mem 0x000000009582e000-0x000000009ac6dfff] reserved
Nov 25 09:17:48 arch kernel: BIOS-e820: [mem 0x000000009ac6e000-0x000000009bacdfff] ACPI NVS
Nov 25 09:17:48 arch kernel: BIOS-e820: [mem 0x000000009bace000-0x000000009bb4dfff] ACPI data
Nov 25 09:17:48 arch kernel: BIOS-e820: [mem 0x000000009bb4e000-0x000000009bb4efff] usable
Nov 25 09:17:48 arch kernel: BIOS-e820: [mem 0x000000009bb4f000-0x000000009f7fffff] reserved
Nov 25 09:17:48 arch kernel: BIOS-e820: [mem 0x00000000e0000000-0x00000000efffffff] reserved
Nov 25 09:17:48 arch kernel: BIOS-e820: [mem 0x00000000fe000000-0x00000000fe010fff] reserved
Nov 25 09:17:48 arch kernel: BIOS-e820: [mem 0x00000000fed10000-0x00000000fed19fff] reserved
Nov 25 09:17:48 arch kernel: BIOS-e820: [mem 0x00000000fed84000-0x00000000fed84fff] reserved
Nov 25 09:17:48 arch kernel: BIOS-e820: [mem 0x00000000fee00000-0x00000000fee00fff] reserved
Nov 25 09:17:48 arch kernel: BIOS-e820: [mem 0x00000000ff380000-0x00000000ffffffff] reserved
Nov 25 09:17:48 arch kernel: BIOS-e820: [mem 0x0000000100000000-0x000000035e7fffff] usable
Nov 25 09:17:48 arch kernel: NX (Execute Disable) protection: active
Nov 25 09:17:48 arch kernel: efi: EFI v2.70 by INSYDE Corp.
Nov 25 09:17:48 arch kernel: efi: ACPI=0x9bb4d000 ACPI 2.0=0x9bb4d014 TPMFinalLog=0x9bac5000 ESRT=0x99f64d18 SMBIOS=0x99752000 SMBIOS 3.0=0x99750000 MEMATTR=0x839b4018 
Nov 25 09:17:48 arch kernel: SMBIOS 3.2.0 present.
Nov 25 09:17:48 arch kernel: DMI: HP HP Laptop 15-dw1xxx/85F2, BIOS F.31 07/31/2020
Nov 25 09:17:48 arch kernel: tsc: Detected 2100.000 MHz processor
Nov 25 09:17:48 arch kernel: tsc: Detected 2099.944 MHz TSC
Nov 25 09:17:48 arch kernel: e820: update [mem 0x00000000-0x00000fff] usable ==> reserved
Nov 25 09:17:48 arch kernel: e820: remove [mem 0x000a0000-0x000fffff] usable
Nov 25 09:17:48 arch kernel: last_pfn = 0x35e800 max_arch_pfn = 0x400000000
Nov 25 09:17:48 arch kernel: MTRR default type: write-back
Nov 25 09:17:48 arch kernel: MTRR fixed ranges enabled:
Nov 25 09:17:48 arch kernel:   00000-9FFFF write-back
Nov 25 09:17:48 arch kernel:   A0000-BFFFF uncachable
Nov 25 09:17:48 arch kernel:   C0000-FFFFF write-protect
Nov 25 09:17:48 arch kernel: MTRR variable ranges enabled:
Nov 25 09:17:48 arch kernel:   0 base 00C0000000 mask 7FC0000000 uncachable
Nov 25 09:17:48 arch kernel:   1 base 00A0000000 mask 7FE0000000 uncachable
Nov 25 09:17:48 arch kernel:   2 base 009E000000 mask 7FFE000000 uncachable
Nov 25 09:17:48 arch kernel:   3 base 009D000000 mask 7FFF000000 uncachable
Nov 25 09:17:48 arch kernel:   4 base 2000000000 mask 6000000000 uncachable
Nov 25 09:17:48 arch kernel:   5 base 1000000000 mask 7000000000 uncachable
Nov 25 09:17:48 arch kernel:   6 base 0800000000 mask 7800000000 uncachable
Nov 25 09:17:48 arch kernel:   7 base 0400000000 mask 7C00000000 uncachable
Nov 25 09:17:48 arch kernel:   8 base 4000000000 mask 4000000000 uncachable
Nov 25 09:17:48 arch kernel:   9 disabled
Nov 25 09:17:48 arch kernel: x86/PAT: Configuration [0-7]: WB  WC  UC- UC  WB  WP  UC- WT  
Nov 25 09:17:48 arch kernel: last_pfn = 0x9bb4f max_arch_pfn = 0x400000000
Nov 25 09:17:48 arch kernel: esrt: Reserving ESRT space from 0x0000000099f64d18 to 0x0000000099f64d50.
Nov 25 09:17:48 arch kernel: check: Scanning 1 areas for low memory corruption
Nov 25 09:17:48 arch kernel: Using GB pages for direct mapping
Nov 25 09:17:48 arch kernel: Secure boot could not be determined
Nov 25 09:17:48 arch kernel: RAMDISK: [mem 0x36ca5000-0x37649fff]
Nov 25 09:17:48 arch kernel: ACPI: Early table checksum verification disabled
Nov 25 09:17:48 arch kernel: ACPI: RSDP 0x000000009BB4D014 000024 (v02 HPQOEM)
Nov 25 09:17:48 arch kernel: ACPI: XSDT 0x000000009BB2B188 000144 (v01 HPQOEM SLIC-MPC 00000002 HP   01000013)
Nov 25 09:17:48 arch kernel: ACPI: FACP 0x000000009BB2A000 00010C (v05 HPQOEM SLIC-MPC 00000002 HP   00040000)
Nov 25 09:17:48 arch kernel: ACPI: DSDT 0x000000009BAE4000 041028 (v02 HPQOEM 85F2     00000002 HP   00040000)
Nov 25 09:17:48 arch kernel: ACPI: FACS 0x000000009BA66000 000040
Nov 25 09:17:48 arch kernel: ACPI: UEFI 0x000000009BACD000 000236 (v01 HPQOEM 0000     00000001 HP   00040000)
Nov 25 09:17:48 arch kernel: ACPI: SSDT 0x000000009BB48000 003ED2 (v02 HPQOEM 85F2     00001000 HP   00040000)
Nov 25 09:17:48 arch kernel: ACPI: SSDT 0x000000009BB46000 001B4A (v02 HPQOEM 85F2     00003000 HP   00040000)
Nov 25 09:17:48 arch kernel: ACPI: SSDT 0x000000009BB45000 0000E6 (v02 HPQOEM 85F2     00003000 HP   00040000)
Nov 25 09:17:48 arch kernel: ACPI: SSDT 0x000000009BB41000 0031C6 (v02 HPQOEM 85F2     00003000 HP   00040000)
Nov 25 09:17:48 arch kernel: ACPI: SSDT 0x000000009BB40000 00045A (v02 HPQOEM 85F2     00001000 HP   00040000)
Nov 25 09:17:48 arch kernel: ACPI: SSDT 0x000000009BB3F000 000046 (v02 HPQOEM 85F2     00003000 HP   00040000)
Nov 25 09:17:48 arch kernel: ACPI: TPM2 0x000000009BB3E000 000034 (v03 HPQOEM 0000     00000002 HP   00040000)
Nov 25 09:17:48 arch kernel: ACPI: SSDT 0x000000009BB3D000 000169 (v01 HPQOEM 85F2     00001000 HP   00040000)
Nov 25 09:17:48 arch kernel: ACPI: SSDT 0x000000009BB36000 006950 (v01 HPQOEM 85F2     00001000 HP   00040000)
Nov 25 09:17:48 arch kernel: ACPI: MSDM 0x000000009BB35000 000055 (v03 HPQOEM SLIC-MPC 00000001 HP   00040000)
Nov 25 09:17:48 arch kernel: ACPI: LPIT 0x000000009BB34000 000094 (v01 HPQOEM 0000     00000002 HP   00040000)
Nov 25 09:17:48 arch kernel: ACPI: WSMT 0x000000009BB33000 000028 (v01 HPQOEM 0000     00000002 HP   00040000)
Nov 25 09:17:48 arch kernel: ACPI: SSDT 0x000000009BB32000 000B70 (v02 HPQOEM 85F2     00001000 HP   00040000)
Nov 25 09:17:48 arch kernel: ACPI: SSDT 0x000000009BB30000 00149F (v02 HPQOEM 85F2     00000000 HP   00040000)
Nov 25 09:17:48 arch kernel: ACPI: DBGP 0x000000009BB2F000 000034 (v01 HPQOEM 85F2     00000002 HP   00040000)
Nov 25 09:17:48 arch kernel: ACPI: DBG2 0x000000009BB2E000 000054 (v00 HPQOEM 0000     00000002 HP   00040000)
Nov 25 09:17:48 arch kernel: ACPI: SSDT 0x000000009BB2D000 000B9F (v02 HPQOEM 85F2     00001000 HP   00040000)
Nov 25 09:17:48 arch kernel: ACPI: NHLT 0x000000009BB2C000 00002D (v00 HPQOEM 0000     00000002 HP   00040000)
Nov 25 09:17:48 arch kernel: ACPI: ECDT 0x000000009BB4C000 000069 (v01 HPQOEM 0000     00000002 HP   00040000)
Nov 25 09:17:48 arch kernel: ACPI: HPET 0x000000009BB29000 000038 (v01 HPQOEM 85F2     00000002 HP   00040000)
Nov 25 09:17:48 arch kernel: ACPI: APIC 0x000000009BB28000 000164 (v03 HPQOEM 85F2     00000002 HP   00040000)
Nov 25 09:17:48 arch kernel: ACPI: MCFG 0x000000009BB27000 00003C (v01 HPQOEM 0000     00000002 HP   00040000)
Nov 25 09:17:48 arch kernel: ACPI: SSDT 0x000000009BB26000 0000F5 (v01 HPQOEM 85F2     00000002 HP   00040000)
Nov 25 09:17:48 arch kernel: ACPI: SSDT 0x000000009BAE3000 000F38 (v02 HPQOEM 85F2     00000002 HP   00040000)
Nov 25 09:17:48 arch kernel: ACPI: DMAR 0x000000009BAE2000 0000A8 (v01 HPQOEM 0000     00000002 HP   00040000)
Nov 25 09:17:48 arch kernel: ACPI: SSDT 0x000000009BADF000 002B1A (v01 HPQOEM 85F2     00001000 HP   00040000)
Nov 25 09:17:48 arch kernel: ACPI: SSDT 0x000000009BADE000 000D38 (v02 HPQOEM 85F2     00001000 HP   00040000)
Nov 25 09:17:48 arch kernel: ACPI: SSDT 0x000000009BADD000 000164 (v01 HPQOEM 85F2     00001000 HP   00040000)
Nov 25 09:17:48 arch kernel: ACPI: SSDT 0x000000009BADC000 00005C (v02 HPQOEM 85F2     00001000 HP   00040000)
Nov 25 09:17:48 arch kernel: ACPI: SSDT 0x000000009BADB000 00082B (v02 HPQOEM 85F2     00003000 HP   00040000)
Nov 25 09:17:48 arch kernel: ACPI: UEFI 0x000000009B220000 00063A (v01 HPQOEM 0000     00000000 HP   00040000)
Nov 25 09:17:48 arch kernel: ACPI: UEFI 0x000000009B21F000 00005C (v01 HPQOEM 0000     00000000 HP   00040000)
Nov 25 09:17:48 arch kernel: ACPI: FPDT 0x000000009BADA000 000044 (v01 HPQOEM 85F2     00000002 HP   00040000)
Nov 25 09:17:48 arch kernel: ACPI: BGRT 0x000000009BAD9000 000038 (v01 HPQOEM 0000     00000001 HP   00040000)
Nov 25 09:17:48 arch kernel: ACPI: Local APIC address 0xfee00000
Nov 25 09:17:48 arch kernel: No NUMA configuration found
Nov 25 09:17:48 arch kernel: Faking a node at [mem 0x0000000000000000-0x000000035e7fffff]
Nov 25 09:17:48 arch kernel: NODE_DATA(0) allocated [mem 0x35e7fc000-0x35e7fffff]
Nov 25 09:17:48 arch kernel: Zone ranges:
Nov 25 09:17:48 arch kernel:   DMA      [mem 0x0000000000001000-0x0000000000ffffff]
Nov 25 09:17:48 arch kernel:   DMA32    [mem 0x0000000001000000-0x00000000ffffffff]
Nov 25 09:17:48 arch kernel:   Normal   [mem 0x0000000100000000-0x000000035e7fffff]
Nov 25 09:17:48 arch kernel:   Device   empty
Nov 25 09:17:48 arch kernel: Movable zone start for each node
Nov 25 09:17:48 arch kernel: Early memory node ranges
Nov 25 09:17:48 arch kernel:   node   0: [mem 0x0000000000001000-0x000000000009efff]
Nov 25 09:17:48 arch kernel:   node   0: [mem 0x0000000000100000-0x000000009545dfff]
Nov 25 09:17:48 arch kernel:   node   0: [mem 0x000000009bb4e000-0x000000009bb4efff]
Nov 25 09:17:48 arch kernel:   node   0: [mem 0x0000000100000000-0x000000035e7fffff]
Nov 25 09:17:48 arch kernel: Zeroed struct page in unavailable ranges: 50179 pages
Nov 25 09:17:48 arch kernel: Initmem setup node 0 [mem 0x0000000000001000-0x000000035e7fffff]
Nov 25 09:17:48 arch kernel: On node 0 totalpages: 3095549
Nov 25 09:17:48 arch kernel:   DMA zone: 64 pages used for memmap
Nov 25 09:17:48 arch kernel:   DMA zone: 22 pages reserved
Nov 25 09:17:48 arch kernel:   DMA zone: 3998 pages, LIFO batch:0
Nov 25 09:17:48 arch kernel:   DMA32 zone: 9490 pages used for memmap
Nov 25 09:17:48 arch kernel:   DMA32 zone: 607327 pages, LIFO batch:63
Nov 25 09:17:48 arch kernel:   Normal zone: 38816 pages used for memmap
Nov 25 09:17:48 arch kernel:   Normal zone: 2484224 pages, LIFO batch:63
Nov 25 09:17:48 arch kernel: Reserving Intel graphics memory at [mem 0x9d800000-0x9f7fffff]
Nov 25 09:17:48 arch kernel: ACPI: PM-Timer IO Port: 0x1808
Nov 25 09:17:48 arch kernel: ACPI: Local APIC address 0xfee00000
Nov 25 09:17:48 arch kernel: ACPI: LAPIC_NMI (acpi_id[0x01] high edge lint[0x1])
Nov 25 09:17:48 arch kernel: ACPI: LAPIC_NMI (acpi_id[0x02] high edge lint[0x1])
Nov 25 09:17:48 arch kernel: ACPI: LAPIC_NMI (acpi_id[0x03] high edge lint[0x1])
Nov 25 09:17:48 arch kernel: ACPI: LAPIC_NMI (acpi_id[0x04] high edge lint[0x1])
Nov 25 09:17:48 arch kernel: ACPI: LAPIC_NMI (acpi_id[0x05] high edge lint[0x1])
Nov 25 09:17:48 arch kernel: ACPI: LAPIC_NMI (acpi_id[0x06] high edge lint[0x1])
Nov 25 09:17:48 arch kernel: ACPI: LAPIC_NMI (acpi_id[0x07] high edge lint[0x1])
Nov 25 09:17:48 arch kernel: ACPI: LAPIC_NMI (acpi_id[0x08] high edge lint[0x1])
Nov 25 09:17:48 arch kernel: ACPI: LAPIC_NMI (acpi_id[0x09] high edge lint[0x1])
Nov 25 09:17:48 arch kernel: ACPI: LAPIC_NMI (acpi_id[0x0a] high edge lint[0x1])
Nov 25 09:17:48 arch kernel: ACPI: LAPIC_NMI (acpi_id[0x0b] high edge lint[0x1])
Nov 25 09:17:48 arch kernel: ACPI: LAPIC_NMI (acpi_id[0x0c] high edge lint[0x1])
Nov 25 09:17:48 arch kernel: ACPI: LAPIC_NMI (acpi_id[0x0d] high edge lint[0x1])
Nov 25 09:17:48 arch kernel: ACPI: LAPIC_NMI (acpi_id[0x0e] high edge lint[0x1])
Nov 25 09:17:48 arch kernel: ACPI: LAPIC_NMI (acpi_id[0x0f] high edge lint[0x1])
Nov 25 09:17:48 arch kernel: ACPI: LAPIC_NMI (acpi_id[0x10] high edge lint[0x1])
Nov 25 09:17:48 arch kernel: ACPI: LAPIC_NMI (acpi_id[0x11] high edge lint[0x1])
Nov 25 09:17:48 arch kernel: ACPI: LAPIC_NMI (acpi_id[0x12] high edge lint[0x1])
Nov 25 09:17:48 arch kernel: ACPI: LAPIC_NMI (acpi_id[0x13] high edge lint[0x1])
Nov 25 09:17:48 arch kernel: ACPI: LAPIC_NMI (acpi_id[0x14] high edge lint[0x1])
Nov 25 09:17:48 arch kernel: IOAPIC[0]: apic_id 2, version 32, address 0xfec00000, GSI 0-119
Nov 25 09:17:48 arch kernel: ACPI: INT_SRC_OVR (bus 0 bus_irq 0 global_irq 2 dfl dfl)
Nov 25 09:17:48 arch kernel: ACPI: INT_SRC_OVR (bus 0 bus_irq 9 global_irq 9 high level)
Nov 25 09:17:48 arch kernel: ACPI: IRQ0 used by override.
Nov 25 09:17:48 arch kernel: ACPI: IRQ9 used by override.
Nov 25 09:17:48 arch kernel: Using ACPI (MADT) for SMP configuration information
Nov 25 09:17:48 arch kernel: ACPI: HPET id: 0x8086a201 base: 0xfed00000
Nov 25 09:17:48 arch kernel: e820: update [mem 0x83a2f000-0x83a42fff] usable ==> reserved
Nov 25 09:17:48 arch kernel: TSC deadline timer available
Nov 25 09:17:48 arch kernel: smpboot: Allowing 8 CPUs, 0 hotplug CPUs
Nov 25 09:17:48 arch kernel: PM: hibernation: Registered nosave memory: [mem 0x00000000-0x00000fff]
Nov 25 09:17:48 arch kernel: PM: hibernation: Registered nosave memory: [mem 0x0009f000-0x000fffff]
Nov 25 09:17:48 arch kernel: PM: hibernation: Registered nosave memory: [mem 0x83a2f000-0x83a42fff]
Nov 25 09:17:48 arch kernel: PM: hibernation: Registered nosave memory: [mem 0x9545e000-0x9582dfff]
Nov 25 09:17:48 arch kernel: PM: hibernation: Registered nosave memory: [mem 0x9582e000-0x9ac6dfff]
Nov 25 09:17:48 arch kernel: PM: hibernation: Registered nosave memory: [mem 0x9ac6e000-0x9bacdfff]
Nov 25 09:17:48 arch kernel: PM: hibernation: Registered nosave memory: [mem 0x9bace000-0x9bb4dfff]
Nov 25 09:17:48 arch kernel: PM: hibernation: Registered nosave memory: [mem 0x9bb4f000-0x9f7fffff]
Nov 25 09:17:48 arch kernel: PM: hibernation: Registered nosave memory: [mem 0x9f800000-0xdfffffff]
Nov 25 09:17:48 arch kernel: PM: hibernation: Registered nosave memory: [mem 0xe0000000-0xefffffff]
Nov 25 09:17:48 arch kernel: PM: hibernation: Registered nosave memory: [mem 0xf0000000-0xfdffffff]
Nov 25 09:17:48 arch kernel: PM: hibernation: Registered nosave memory: [mem 0xfe000000-0xfe010fff]
Nov 25 09:17:48 arch kernel: PM: hibernation: Registered nosave memory: [mem 0xfe011000-0xfed0ffff]
Nov 25 09:17:48 arch kernel: PM: hibernation: Registered nosave memory: [mem 0xfed10000-0xfed19fff]
Nov 25 09:17:48 arch kernel: PM: hibernation: Registered nosave memory: [mem 0xfed1a000-0xfed83fff]
Nov 25 09:17:48 arch kernel: PM: hibernation: Registered nosave memory: [mem 0xfed84000-0xfed84fff]
Nov 25 09:17:48 arch kernel: PM: hibernation: Registered nosave memory: [mem 0xfed85000-0xfedfffff]
Nov 25 09:17:48 arch kernel: PM: hibernation: Registered nosave memory: [mem 0xfee00000-0xfee00fff]
Nov 25 09:17:48 arch kernel: PM: hibernation: Registered nosave memory: [mem 0xfee01000-0xff37ffff]
Nov 25 09:17:48 arch kernel: PM: hibernation: Registered nosave memory: [mem 0xff380000-0xffffffff]
Nov 25 09:17:48 arch kernel: [mem 0x9f800000-0xdfffffff] available for PCI devices
Nov 25 09:17:48 arch kernel: Booting paravirtualized kernel on bare hardware
Nov 25 09:17:48 arch kernel: clocksource: refined-jiffies: mask: 0xffffffff max_cycles: 0xffffffff, max_idle_ns: 1910969940391419 ns
Nov 25 09:17:48 arch kernel: setup_percpu: NR_CPUS:320 nr_cpumask_bits:320 nr_cpu_ids:8 nr_node_ids:1
Nov 25 09:17:48 arch kernel: percpu: Embedded 56 pages/cpu s192512 r8192 d28672 u262144
Nov 25 09:17:48 arch kernel: pcpu-alloc: s192512 r8192 d28672 u262144 alloc=1*2097152
Nov 25 09:17:48 arch kernel: pcpu-alloc: [0] 0 1 2 3 4 5 6 7 
Nov 25 09:17:48 arch kernel: Built 1 zonelists, mobility grouping on.  Total pages: 3047157
Nov 25 09:17:48 arch kernel: Policy zone: Normal
Nov 25 09:17:48 arch kernel: Kernel command line: BOOT_IMAGE=/boot/vmlinuz-linux-zen root=UUID=cbb02141-7d76-4a1a-9189-67dc18c39d81 rw loglevel=3 quiet
Nov 25 09:17:48 arch kernel: Dentry cache hash table entries: 2097152 (order: 12, 16777216 bytes, linear)
Nov 25 09:17:48 arch kernel: Inode-cache hash table entries: 1048576 (order: 11, 8388608 bytes, linear)
Nov 25 09:17:48 arch kernel: mem auto-init: stack:byref_all(zero), heap alloc:on, heap free:off
Nov 25 09:17:48 arch kernel: Memory: 11980256K/12382196K available (14339K kernel code, 1505K rwdata, 7920K rodata, 1660K init, 2872K bss, 401680K reserved, 0K cma-reserved)
Nov 25 09:17:48 arch kernel: random: get_random_u64 called from __kmem_cache_create+0x26/0x5c0 with crng_init=0
Nov 25 09:17:48 arch kernel: SLUB: HWalign=64, Order=0-3, MinObjects=0, CPUs=8, Nodes=1
Nov 25 09:17:48 arch kernel: ftrace: allocating 38781 entries in 152 pages
Nov 25 09:17:48 arch kernel: ftrace: allocated 152 pages with 3 groups
Nov 25 09:17:48 arch kernel: rcu: Preemptible hierarchical RCU implementation.
Nov 25 09:17:48 arch kernel: rcu:         RCU dyntick-idle grace-period acceleration is enabled.
Nov 25 09:17:48 arch kernel: rcu:         RCU restricting CPUs from NR_CPUS=320 to nr_cpu_ids=8.
Nov 25 09:17:48 arch kernel: rcu:         RCU priority boosting: priority 1 delay 500 ms.
Nov 25 09:17:48 arch kernel:         Trampoline variant of Tasks RCU enabled.
Nov 25 09:17:48 arch kernel:         Rude variant of Tasks RCU enabled.
Nov 25 09:17:48 arch kernel: rcu: RCU calculated value of scheduler-enlistment delay is 100 jiffies.
Nov 25 09:17:48 arch kernel: rcu: Adjusting geometry for rcu_fanout_leaf=16, nr_cpu_ids=8
Nov 25 09:17:48 arch kernel: NR_IRQS: 20736, nr_irqs: 2048, preallocated irqs: 16
Nov 25 09:17:48 arch kernel: Console: colour dummy device 80x25
Nov 25 09:17:48 arch kernel: printk: console [tty0] enabled
Nov 25 09:17:48 arch kernel: ACPI: Core revision 20200717
Nov 25 09:17:48 arch kernel: clocksource: hpet: mask: 0xffffffff max_cycles: 0xffffffff, max_idle_ns: 79635855245 ns
Nov 25 09:17:48 arch kernel: APIC: Switch to symmetric I/O mode setup
Nov 25 09:17:48 arch kernel: DMAR: Host address width 39
Nov 25 09:17:48 arch kernel: DMAR: DRHD base: 0x000000fed90000 flags: 0x0
Nov 25 09:17:48 arch kernel: DMAR: dmar0: reg_base_addr fed90000 ver 1:0 cap 1c0000c40660462 ecap 19e2ff0505e
Nov 25 09:17:48 arch kernel: DMAR: DRHD base: 0x000000fed91000 flags: 0x1
Nov 25 09:17:48 arch kernel: DMAR: dmar1: reg_base_addr fed91000 ver 1:0 cap d2008c40660462 ecap f050da
Nov 25 09:17:48 arch kernel: DMAR: RMRR base: 0x0000009a99e000 end: 0x0000009a9bdfff
Nov 25 09:17:48 arch kernel: DMAR: RMRR base: 0x0000009d000000 end: 0x0000009f7fffff
Nov 25 09:17:48 arch kernel: DMAR-IR: IOAPIC id 2 under DRHD base  0xfed91000 IOMMU 1
Nov 25 09:17:48 arch kernel: DMAR-IR: HPET id 0 under DRHD base 0xfed91000
Nov 25 09:17:48 arch kernel: DMAR-IR: Queued invalidation will be enabled to support x2apic and Intr-remapping.
Nov 25 09:17:48 arch kernel: DMAR-IR: Enabled IRQ remapping in x2apic mode
Nov 25 09:17:48 arch kernel: x2apic enabled
Nov 25 09:17:48 arch kernel: Switched APIC routing to cluster x2apic.
Nov 25 09:17:48 arch kernel: ..TIMER: vector=0x30 apic1=0 pin1=2 apic2=-1 pin2=-1
Nov 25 09:17:48 arch kernel: clocksource: tsc-early: mask: 0xffffffffffffffff max_cycles: 0x1e44fb6c2ab, max_idle_ns: 440795206594 ns
Nov 25 09:17:48 arch kernel: Calibrating delay loop (skipped), value calculated using timer frequency.. 4199.88 BogoMIPS (lpj=2099944)
Nov 25 09:17:48 arch kernel: pid_max: default: 32768 minimum: 301
Nov 25 09:17:48 arch kernel: LSM: Security Framework initializing
Nov 25 09:17:48 arch kernel: Yama: becoming mindful.
Nov 25 09:17:48 arch kernel: Mount-cache hash table entries: 32768 (order: 6, 262144 bytes, linear)
Nov 25 09:17:48 arch kernel: Mountpoint-cache hash table entries: 32768 (order: 6, 262144 bytes, linear)
Nov 25 09:17:48 arch kernel: mce: CPU0: Thermal monitoring enabled (TM1)
Nov 25 09:17:48 arch kernel: process: using mwait in idle threads
Nov 25 09:17:48 arch kernel: Last level iTLB entries: 4KB 64, 2MB 8, 4MB 8
Nov 25 09:17:48 arch kernel: Last level dTLB entries: 4KB 64, 2MB 0, 4MB 0, 1GB 4
Nov 25 09:17:48 arch kernel: Spectre V1 : Mitigation: usercopy/swapgs barriers and __user pointer sanitization
Nov 25 09:17:48 arch kernel: Spectre V2 : Mitigation: Enhanced IBRS
Nov 25 09:17:48 arch kernel: Spectre V2 : Spectre v2 / SpectreRSB mitigation: Filling RSB on context switch
Nov 25 09:17:48 arch kernel: Spectre V2 : mitigation: Enabling conditional Indirect Branch Prediction Barrier
Nov 25 09:17:48 arch kernel: Speculative Store Bypass: Mitigation: Speculative Store Bypass disabled via prctl and seccomp
Nov 25 09:17:48 arch kernel: SRBDS: Mitigation: TSX disabled
Nov 25 09:17:48 arch kernel: clr: Applying alternatives
Nov 25 09:17:48 arch kernel: clr: Applying alternatives done
Nov 25 09:17:48 arch kernel: Freeing SMP alternatives memory: 40K
Nov 25 09:17:48 arch kernel: smpboot: CPU0: Intel(R) Core(TM) i5-10210U CPU @ 1.60GHz (family: 0x6, model: 0x8e, stepping: 0xc)
Nov 25 09:17:48 arch kernel: Performance Events: PEBS fmt3+, Skylake events, 32-deep LBR, full-width counters, Intel PMU driver.
Nov 25 09:17:48 arch kernel: ... version:                4
Nov 25 09:17:48 arch kernel: ... bit width:              48
Nov 25 09:17:48 arch kernel: ... generic registers:      4
Nov 25 09:17:48 arch kernel: ... value mask:             0000ffffffffffff
Nov 25 09:17:48 arch kernel: ... max period:             00007fffffffffff
Nov 25 09:17:48 arch kernel: ... fixed-purpose events:   3
Nov 25 09:17:48 arch kernel: ... event mask:             000000070000000f
Nov 25 09:17:48 arch kernel: rcu: Hierarchical SRCU implementation.
Nov 25 09:17:48 arch kernel: NMI watchdog: Enabled. Permanently consumes one hw-PMU counter.
Nov 25 09:17:48 arch kernel: smp: Bringing up secondary CPUs ...
Nov 25 09:17:48 arch kernel: x86: Booting SMP configuration:
Nov 25 09:17:48 arch kernel: .... node  #0, CPUs:      #1 #2 #3 #4 #5 #6 #7
Nov 25 09:17:48 arch kernel: smp: Brought up 1 node, 8 CPUs
Nov 25 09:17:48 arch kernel: smpboot: Max logical packages: 1
Nov 25 09:17:48 arch kernel: smpboot: Total of 8 processors activated (33599.10 BogoMIPS)
Nov 25 09:17:48 arch kernel: devtmpfs: initialized
Nov 25 09:17:48 arch kernel: x86/mm: Memory block size: 128MB
Nov 25 09:17:48 arch kernel: PM: Registering ACPI NVS region [mem 0x9ac6e000-0x9bacdfff] (15073280 bytes)
Nov 25 09:17:48 arch kernel: clocksource: jiffies: mask: 0xffffffff max_cycles: 0xffffffff, max_idle_ns: 1911260446275000 ns
Nov 25 09:17:48 arch kernel: futex hash table entries: 2048 (order: 5, 131072 bytes, linear)
Nov 25 09:17:48 arch kernel: pinctrl core: initialized pinctrl subsystem
Nov 25 09:17:48 arch kernel: PM: RTC time: 08:17:46, date: 2020-11-25
Nov 25 09:17:48 arch kernel: NET: Registered protocol family 16
Nov 25 09:17:48 arch kernel: DMA: preallocated 2048 KiB GFP_KERNEL pool for atomic allocations
Nov 25 09:17:48 arch kernel: DMA: preallocated 2048 KiB GFP_KERNEL|GFP_DMA pool for atomic allocations
Nov 25 09:17:48 arch kernel: DMA: preallocated 2048 KiB GFP_KERNEL|GFP_DMA32 pool for atomic allocations
Nov 25 09:17:48 arch kernel: audit: initializing netlink subsys (disabled)
Nov 25 09:17:48 arch kernel: audit: type=2000 audit(1606292266.016:1): state=initialized audit_enabled=0 res=1
Nov 25 09:17:48 arch kernel: thermal_sys: Registered thermal governor 'fair_share'
Nov 25 09:17:48 arch kernel: thermal_sys: Registered thermal governor 'bang_bang'
Nov 25 09:17:48 arch kernel: thermal_sys: Registered thermal governor 'step_wise'
Nov 25 09:17:48 arch kernel: thermal_sys: Registered thermal governor 'user_space'
Nov 25 09:17:48 arch kernel: thermal_sys: Registered thermal governor 'power_allocator'
Nov 25 09:17:48 arch kernel: cpuidle: using governor ladder
Nov 25 09:17:48 arch kernel: cpuidle: using governor menu
Nov 25 09:17:48 arch kernel: ACPI FADT declares the system doesn't support PCIe ASPM, so disable it
Nov 25 09:17:48 arch kernel: ACPI: bus type PCI registered
Nov 25 09:17:48 arch kernel: acpiphp: ACPI Hot Plug PCI Controller Driver version: 0.5
Nov 25 09:17:48 arch kernel: PCI: MMCONFIG for domain 0000 [bus 00-ff] at [mem 0xe0000000-0xefffffff] (base 0xe0000000)
Nov 25 09:17:48 arch kernel: PCI: MMCONFIG at [mem 0xe0000000-0xefffffff] reserved in E820
Nov 25 09:17:48 arch kernel: PCI: Using configuration type 1 for base access
Nov 25 09:17:48 arch kernel: ENERGY_PERF_BIAS: Set to 'normal', was 'performance'
Nov 25 09:17:48 arch kernel: HugeTLB registered 1.00 GiB page size, pre-allocated 0 pages
Nov 25 09:17:48 arch kernel: HugeTLB registered 2.00 MiB page size, pre-allocated 0 pages
Nov 25 09:17:48 arch kernel: ACPI: Added _OSI(Module Device)
Nov 25 09:17:48 arch kernel: ACPI: Added _OSI(Processor Device)
Nov 25 09:17:48 arch kernel: ACPI: Added _OSI(3.0 _SCP Extensions)
Nov 25 09:17:48 arch kernel: ACPI: Added _OSI(Processor Aggregator Device)
Nov 25 09:17:48 arch kernel: ACPI: Added _OSI(Linux-Dell-Video)
Nov 25 09:17:48 arch kernel: ACPI: Added _OSI(Linux-Lenovo-NV-HDMI-Audio)
Nov 25 09:17:48 arch kernel: ACPI: Added _OSI(Linux-HPI-Hybrid-Graphics)
Nov 25 09:17:48 arch kernel: ACPI: 19 ACPI AML tables successfully acquired and loaded
Nov 25 09:17:48 arch kernel: ACPI: EC: EC started
Nov 25 09:17:48 arch kernel: ACPI: EC: interrupt blocked
Nov 25 09:17:48 arch kernel: ACPI: EC: EC_CMD/EC_SC=0x66, EC_DATA=0x62
Nov 25 09:17:48 arch kernel: ACPI: EC: Boot ECDT EC used to handle transactions
Nov 25 09:17:48 arch kernel: ACPI: Dynamic OEM Table Load:
Nov 25 09:17:48 arch kernel: ACPI: SSDT 0xFFFF99768F491400 0000F4 (v02 PmRef  Cpu0Psd  00003000 INTL 20160422)
Nov 25 09:17:48 arch kernel: ACPI: \_SB_.PR00: _OSC native thermal LVT Acked
Nov 25 09:17:48 arch kernel: ACPI: Dynamic OEM Table Load:
Nov 25 09:17:48 arch kernel: ACPI: SSDT 0xFFFF99768F4A7000 000400 (v02 PmRef  Cpu0Cst  00003001 INTL 20160422)
Nov 25 09:17:48 arch kernel: ACPI: Dynamic OEM Table Load:
Nov 25 09:17:48 arch kernel: ACPI: SSDT 0xFFFF99768FD98000 000560 (v02 PmRef  Cpu0Ist  00003000 INTL 20160422)
Nov 25 09:17:48 arch kernel: ACPI: Dynamic OEM Table Load:
Nov 25 09:17:48 arch kernel: ACPI: SSDT 0xFFFF99768F494000 00011B (v02 PmRef  Cpu0Hwp  00003000 INTL 20160422)
Nov 25 09:17:48 arch kernel: ACPI: Dynamic OEM Table Load:
Nov 25 09:17:48 arch kernel: ACPI: SSDT 0xFFFF99768F4E8000 000BE2 (v02 PmRef  HwpLvt   00003000 INTL 20160422)
Nov 25 09:17:48 arch kernel: ACPI: Dynamic OEM Table Load:
Nov 25 09:17:48 arch kernel: ACPI: SSDT 0xFFFF99768FD9A000 000778 (v02 PmRef  ApIst    00003000 INTL 20160422)
Nov 25 09:17:48 arch kernel: ACPI: Dynamic OEM Table Load:
Nov 25 09:17:48 arch kernel: ACPI: SSDT 0xFFFF99768F4A4C00 0003D7 (v02 PmRef  ApHwp    00003000 INTL 20160422)
Nov 25 09:17:48 arch kernel: ACPI: Dynamic OEM Table Load:
Nov 25 09:17:48 arch kernel: ACPI: SSDT 0xFFFF99768F4EF000 000D74 (v02 PmRef  ApPsd    00003000 INTL 20160422)
Nov 25 09:17:48 arch kernel: ACPI: Dynamic OEM Table Load:
Nov 25 09:17:48 arch kernel: ACPI: SSDT 0xFFFF99768F4A5C00 0003CA (v02 PmRef  ApCst    00003000 INTL 20160422)
Nov 25 09:17:48 arch kernel: ACPI: Interpreter enabled
Nov 25 09:17:48 arch kernel: ACPI: (supports S0 S3 S4 S5)
Nov 25 09:17:48 arch kernel: ACPI: Using IOAPIC for interrupt routing
Nov 25 09:17:48 arch kernel: PCI: Using host bridge windows from ACPI; if necessary, use "pci=nocrs" and report a bug
Nov 25 09:17:48 arch kernel: ACPI: Enabled 7 GPEs in block 00 to 7F
Nov 25 09:17:48 arch kernel: ACPI: Power Resource [USBC] (on)
Nov 25 09:17:48 arch kernel: ACPI: Power Resource [PCRP] (on)
Nov 25 09:17:48 arch kernel: ACPI: Power Resource [V0PR] (on)
Nov 25 09:17:48 arch kernel: ACPI: Power Resource [V1PR] (on)
Nov 25 09:17:48 arch kernel: ACPI: Power Resource [V2PR] (on)
Nov 25 09:17:48 arch kernel: ACPI: Power Resource [WRST] (on)
Nov 25 09:17:48 arch kernel: acpi ABCD0000:00: ACPI dock station (docks/bays count: 1)
Nov 25 09:17:48 arch kernel: ACPI: Power Resource [FN00] (off)
Nov 25 09:17:48 arch kernel: ACPI: Power Resource [FN01] (off)
Nov 25 09:17:48 arch kernel: ACPI: Power Resource [FN02] (off)
Nov 25 09:17:48 arch kernel: ACPI: Power Resource [FN03] (off)
Nov 25 09:17:48 arch kernel: ACPI: Power Resource [FN04] (off)
Nov 25 09:17:48 arch kernel: ACPI: Power Resource [PIN] (off)
Nov 25 09:17:48 arch kernel: ACPI: PCI Root Bridge [PCI0] (domain 0000 [bus 00-fe])
Nov 25 09:17:48 arch kernel: acpi PNP0A08:00: _OSC: OS supports [ExtendedConfig ASPM ClockPM Segments MSI EDR HPX-Type3]
Nov 25 09:17:48 arch kernel: acpi PNP0A08:00: _OSC: platform does not support [PCIeHotplug SHPCHotplug PME]
Nov 25 09:17:48 arch kernel: acpi PNP0A08:00: _OSC: OS now controls [AER PCIeCapability LTR DPC]
Nov 25 09:17:48 arch kernel: acpi PNP0A08:00: FADT indicates ASPM is unsupported, using BIOS configuration
Nov 25 09:17:48 arch kernel: PCI host bridge to bus 0000:00
Nov 25 09:17:48 arch kernel: pci_bus 0000:00: root bus resource [io  0x0000-0x0cf7 window]
Nov 25 09:17:48 arch kernel: pci_bus 0000:00: root bus resource [io  0x0d00-0xffff window]
Nov 25 09:17:48 arch kernel: pci_bus 0000:00: root bus resource [mem 0x000a0000-0x000bffff window]
Nov 25 09:17:48 arch kernel: pci_bus 0000:00: root bus resource [mem 0x9f800000-0xdfffffff window]
Nov 25 09:17:48 arch kernel: pci_bus 0000:00: root bus resource [mem 0xfc800000-0xfe7fffff window]
Nov 25 09:17:48 arch kernel: pci_bus 0000:00: root bus resource [bus 00-fe]
Nov 25 09:17:48 arch kernel: pci 0000:00:00.0: [8086:9b61] type 00 class 0x060000
Nov 25 09:17:48 arch kernel: pci 0000:00:02.0: [8086:9b41] type 00 class 0x030000
Nov 25 09:17:48 arch kernel: pci 0000:00:02.0: reg 0x10: [mem 0xb2000000-0xb2ffffff 64bit]
Nov 25 09:17:48 arch kernel: pci 0000:00:02.0: reg 0x18: [mem 0xc0000000-0xcfffffff 64bit pref]
Nov 25 09:17:48 arch kernel: pci 0000:00:02.0: reg 0x20: [io  0x6000-0x603f]
Nov 25 09:17:48 arch kernel: pci 0000:00:02.0: BAR 2: assigned to efifb
Nov 25 09:17:48 arch kernel: pci 0000:00:04.0: [8086:1903] type 00 class 0x118000
Nov 25 09:17:48 arch kernel: pci 0000:00:04.0: reg 0x10: [mem 0xb4410000-0xb4417fff 64bit]
Nov 25 09:17:48 arch kernel: pci 0000:00:08.0: [8086:1911] type 00 class 0x088000
Nov 25 09:17:48 arch kernel: pci 0000:00:08.0: reg 0x10: [mem 0xb4420000-0xb4420fff 64bit]
Nov 25 09:17:48 arch kernel: pci 0000:00:12.0: [8086:02f9] type 00 class 0x118000
Nov 25 09:17:48 arch kernel: pci 0000:00:12.0: reg 0x10: [mem 0xb4421000-0xb4421fff 64bit]
Nov 25 09:17:48 arch kernel: pci 0000:00:14.0: [8086:02ed] type 00 class 0x0c0330
Nov 25 09:17:48 arch kernel: pci 0000:00:14.0: reg 0x10: [mem 0xb4400000-0xb440ffff 64bit]
Nov 25 09:17:48 arch kernel: pci 0000:00:14.0: PME# supported from D3hot D3cold
Nov 25 09:17:48 arch kernel: pci 0000:00:14.2: [8086:02ef] type 00 class 0x050000
Nov 25 09:17:48 arch kernel: pci 0000:00:14.2: reg 0x10: [mem 0xb441c000-0xb441dfff 64bit]
Nov 25 09:17:48 arch kernel: pci 0000:00:14.2: reg 0x18: [mem 0xb4422000-0xb4422fff 64bit]
Nov 25 09:17:48 arch kernel: pci 0000:00:15.0: [8086:02e8] type 00 class 0x0c8000
Nov 25 09:17:48 arch kernel: pci 0000:00:15.0: reg 0x10: [mem 0x00000000-0x00000fff 64bit]
Nov 25 09:17:48 arch kernel: pci 0000:00:16.0: [8086:02e0] type 00 class 0x078000
Nov 25 09:17:48 arch kernel: pci 0000:00:16.0: reg 0x10: [mem 0xb4424000-0xb4424fff 64bit]
Nov 25 09:17:48 arch kernel: pci 0000:00:16.0: PME# supported from D3hot
Nov 25 09:17:48 arch kernel: pci 0000:00:17.0: [8086:282a] type 00 class 0x010400
Nov 25 09:17:48 arch kernel: pci 0000:00:17.0: reg 0x10: [mem 0xb441e000-0xb441ffff]
Nov 25 09:17:48 arch kernel: pci 0000:00:17.0: reg 0x14: [mem 0xb4428000-0xb44280ff]
Nov 25 09:17:48 arch kernel: pci 0000:00:17.0: reg 0x18: [io  0x6080-0x6087]
Nov 25 09:17:48 arch kernel: pci 0000:00:17.0: reg 0x1c: [io  0x6088-0x608b]
Nov 25 09:17:48 arch kernel: pci 0000:00:17.0: reg 0x20: [io  0x6060-0x607f]
Nov 25 09:17:48 arch kernel: pci 0000:00:17.0: reg 0x24: [mem 0xb4427000-0xb44277ff]
Nov 25 09:17:48 arch kernel: pci 0000:00:17.0: PME# supported from D3hot
Nov 25 09:17:48 arch kernel: pci 0000:00:1c.0: [8086:02bc] type 01 class 0x060400
Nov 25 09:17:48 arch kernel: pci 0000:00:1c.0: PME# supported from D0 D3hot D3cold
Nov 25 09:17:48 arch kernel: pci 0000:00:1c.0: PTM enabled (root), 4ns granularity
Nov 25 09:17:48 arch kernel: pci 0000:00:1d.0: [8086:02b0] type 01 class 0x060400
Nov 25 09:17:48 arch kernel: pci 0000:00:1d.0: PME# supported from D0 D3hot D3cold
Nov 25 09:17:48 arch kernel: pci 0000:00:1d.0: PTM enabled (root), 4ns granularity
Nov 25 09:17:48 arch kernel: pci 0000:00:1d.1: [8086:02b1] type 01 class 0x060400
Nov 25 09:17:48 arch kernel: pci 0000:00:1d.1: PME# supported from D0 D3hot D3cold
Nov 25 09:17:48 arch kernel: pci 0000:00:1d.1: PTM enabled (root), 4ns granularity
Nov 25 09:17:48 arch kernel: pci 0000:00:1d.4: [8086:02b4] type 01 class 0x060400
Nov 25 09:17:48 arch kernel: pci 0000:00:1d.4: PME# supported from D0 D3hot D3cold
Nov 25 09:17:48 arch kernel: pci 0000:00:1d.4: PTM enabled (root), 4ns granularity
Nov 25 09:17:48 arch kernel: pci 0000:00:1f.0: [8086:0284] type 00 class 0x060100
Nov 25 09:17:48 arch kernel: pci 0000:00:1f.3: [8086:02c8] type 00 class 0x040380
Nov 25 09:17:48 arch kernel: pci 0000:00:1f.3: reg 0x10: [mem 0xb4418000-0xb441bfff 64bit]
Nov 25 09:17:48 arch kernel: pci 0000:00:1f.3: reg 0x20: [mem 0xb4000000-0xb40fffff 64bit]
Nov 25 09:17:48 arch kernel: pci 0000:00:1f.3: PME# supported from D3hot D3cold
Nov 25 09:17:48 arch kernel: pci 0000:00:1f.4: [8086:02a3] type 00 class 0x0c0500
Nov 25 09:17:48 arch kernel: pci 0000:00:1f.4: reg 0x10: [mem 0xb4425000-0xb44250ff 64bit]
Nov 25 09:17:48 arch kernel: pci 0000:00:1f.4: reg 0x20: [io  0x6040-0x605f]
Nov 25 09:17:48 arch kernel: pci 0000:00:1f.5: [8086:02a4] type 00 class 0x0c8000
Nov 25 09:17:48 arch kernel: pci 0000:00:1f.5: reg 0x10: [mem 0xfe010000-0xfe010fff]
Nov 25 09:17:48 arch kernel: pci 0000:01:00.0: [10de:174e] type 00 class 0x030200
Nov 25 09:17:48 arch kernel: pci 0000:01:00.0: reg 0x10: [mem 0xb3000000-0xb3ffffff]
Nov 25 09:17:48 arch kernel: pci 0000:01:00.0: reg 0x14: [mem 0xa0000000-0xafffffff 64bit pref]
Nov 25 09:17:48 arch kernel: pci 0000:01:00.0: reg 0x1c: [mem 0xb0000000-0xb1ffffff 64bit pref]
Nov 25 09:17:48 arch kernel: pci 0000:01:00.0: reg 0x24: [io  0x5000-0x507f]
Nov 25 09:17:48 arch kernel: pci 0000:01:00.0: reg 0x30: [mem 0xfff80000-0xffffffff pref]
Nov 25 09:17:48 arch kernel: pci 0000:01:00.0: Enabling HDA controller
Nov 25 09:17:48 arch kernel: pci 0000:00:1c.0: PCI bridge to [bus 01]
Nov 25 09:17:48 arch kernel: pci 0000:00:1c.0:   bridge window [io  0x5000-0x5fff]
Nov 25 09:17:48 arch kernel: pci 0000:00:1c.0:   bridge window [mem 0xb3000000-0xb3ffffff]
Nov 25 09:17:48 arch kernel: pci 0000:00:1c.0:   bridge window [mem 0xa0000000-0xb1ffffff 64bit pref]
Nov 25 09:17:48 arch kernel: pci 0000:02:00.0: [10ec:8168] type 00 class 0x020000
Nov 25 09:17:48 arch kernel: pci 0000:02:00.0: reg 0x10: [io  0x4000-0x40ff]
Nov 25 09:17:48 arch kernel: pci 0000:02:00.0: reg 0x18: [mem 0xb4304000-0xb4304fff 64bit]
Nov 25 09:17:48 arch kernel: pci 0000:02:00.0: reg 0x20: [mem 0xb4300000-0xb4303fff 64bit]
Nov 25 09:17:48 arch kernel: pci 0000:02:00.0: supports D1 D2
Nov 25 09:17:48 arch kernel: pci 0000:02:00.0: PME# supported from D0 D1 D2 D3hot D3cold
Nov 25 09:17:48 arch kernel: pci 0000:00:1d.0: PCI bridge to [bus 02]
Nov 25 09:17:48 arch kernel: pci 0000:00:1d.0:   bridge window [io  0x4000-0x4fff]
Nov 25 09:17:48 arch kernel: pci 0000:00:1d.0:   bridge window [mem 0xb4300000-0xb43fffff]
Nov 25 09:17:48 arch kernel: pci 0000:03:00.0: [10ec:c821] type 00 class 0x028000
Nov 25 09:17:48 arch kernel: pci 0000:03:00.0: reg 0x10: [io  0x3000-0x30ff]
Nov 25 09:17:48 arch kernel: pci 0000:03:00.0: reg 0x18: [mem 0xb4200000-0xb420ffff 64bit]
Nov 25 09:17:48 arch kernel: pci 0000:03:00.0: supports D1 D2
Nov 25 09:17:48 arch kernel: pci 0000:03:00.0: PME# supported from D0 D1 D2 D3hot D3cold
Nov 25 09:17:48 arch kernel: pci 0000:00:1d.1: PCI bridge to [bus 03]
Nov 25 09:17:48 arch kernel: pci 0000:00:1d.1:   bridge window [io  0x3000-0x3fff]
Nov 25 09:17:48 arch kernel: pci 0000:00:1d.1:   bridge window [mem 0xb4200000-0xb42fffff]
Nov 25 09:17:48 arch kernel: pci 0000:04:00.0: [144d:a808] type 00 class 0x010802
Nov 25 09:17:48 arch kernel: pci 0000:04:00.0: reg 0x10: [mem 0xb4100000-0xb4103fff 64bit]
Nov 25 09:17:48 arch kernel: pci 0000:00:1d.4: PCI bridge to [bus 04]
Nov 25 09:17:48 arch kernel: pci 0000:00:1d.4:   bridge window [mem 0xb4100000-0xb41fffff]
Nov 25 09:17:48 arch kernel: ACPI: EC: interrupt unblocked
Nov 25 09:17:48 arch kernel: ACPI: EC: event unblocked
Nov 25 09:17:48 arch kernel: ACPI: EC: EC_CMD/EC_SC=0x66, EC_DATA=0x62
Nov 25 09:17:48 arch kernel: ACPI: EC: GPE=0x17
Nov 25 09:17:48 arch kernel: ACPI: \_SB_.PCI0.LPCB.EC0_: Boot ECDT EC initialization complete
Nov 25 09:17:48 arch kernel: ACPI: \_SB_.PCI0.LPCB.EC0_: EC: Used to handle transactions and events
Nov 25 09:17:48 arch kernel: iommu: Default domain type: Translated 
Nov 25 09:17:48 arch kernel: SCSI subsystem initialized
Nov 25 09:17:48 arch kernel: libata version 3.00 loaded.
Nov 25 09:17:48 arch kernel: pci 0000:00:02.0: vgaarb: setting as boot VGA device
Nov 25 09:17:48 arch kernel: pci 0000:00:02.0: vgaarb: VGA device added: decodes=io+mem,owns=io+mem,locks=none
Nov 25 09:17:48 arch kernel: pci 0000:00:02.0: vgaarb: bridge control possible
Nov 25 09:17:48 arch kernel: vgaarb: loaded
Nov 25 09:17:48 arch kernel: ACPI: bus type USB registered
Nov 25 09:17:48 arch kernel: usbcore: registered new interface driver usbfs
Nov 25 09:17:48 arch kernel: usbcore: registered new interface driver hub
Nov 25 09:17:48 arch kernel: usbcore: registered new device driver usb
Nov 25 09:17:48 arch kernel: pps_core: LinuxPPS API ver. 1 registered
Nov 25 09:17:48 arch kernel: pps_core: Software ver. 5.3.6 - Copyright 2005-2007 Rodolfo Giometti <giometti@linux.it>
Nov 25 09:17:48 arch kernel: PTP clock support registered
Nov 25 09:17:48 arch kernel: EDAC MC: Ver: 3.0.0
Nov 25 09:17:48 arch kernel: Registered efivars operations
Nov 25 09:17:48 arch kernel: NetLabel: Initializing
Nov 25 09:17:48 arch kernel: NetLabel:  domain hash size = 128
Nov 25 09:17:48 arch kernel: NetLabel:  protocols = UNLABELED CIPSOv4 CALIPSO
Nov 25 09:17:48 arch kernel: NetLabel:  unlabeled traffic allowed by default
Nov 25 09:17:48 arch kernel: PCI: Using ACPI for IRQ routing
Nov 25 09:17:48 arch kernel: PCI: pci_cache_line_size set to 64 bytes
Nov 25 09:17:48 arch kernel: e820: reserve RAM buffer [mem 0x0009f000-0x0009ffff]
Nov 25 09:17:48 arch kernel: e820: reserve RAM buffer [mem 0x83a2f000-0x83ffffff]
Nov 25 09:17:48 arch kernel: e820: reserve RAM buffer [mem 0x9545e000-0x97ffffff]
Nov 25 09:17:48 arch kernel: e820: reserve RAM buffer [mem 0x9bb4f000-0x9bffffff]
Nov 25 09:17:48 arch kernel: e820: reserve RAM buffer [mem 0x35e800000-0x35fffffff]
Nov 25 09:17:48 arch kernel: hpet0: at MMIO 0xfed00000, IRQs 2, 8, 0, 0, 0, 0, 0, 0
Nov 25 09:17:48 arch kernel: hpet0: 8 comparators, 64-bit 24.000000 MHz counter
Nov 25 09:17:48 arch kernel: clocksource: Switched to clocksource tsc-early
Nov 25 09:17:48 arch kernel: VFS: Disk quotas dquot_6.6.0
Nov 25 09:17:48 arch kernel: VFS: Dquot-cache hash table entries: 512 (order 0, 4096 bytes)
Nov 25 09:17:48 arch kernel: pnp: PnP ACPI init
Nov 25 09:17:48 arch kernel: system 00:00: [mem 0x40000000-0x403fffff] could not be reserved
Nov 25 09:17:48 arch kernel: system 00:00: Plug and Play ACPI device, IDs PNP0c02 (active)
Nov 25 09:17:48 arch kernel: system 00:01: [io  0x1800-0x18fe] has been reserved
Nov 25 09:17:48 arch kernel: system 00:01: [mem 0xfd000000-0xfd69ffff] has been reserved
Nov 25 09:17:48 arch kernel: system 00:01: [mem 0xfd6b0000-0xfd6cffff] has been reserved
Nov 25 09:17:48 arch kernel: system 00:01: [mem 0xfd6f0000-0xfdffffff] has been reserved
Nov 25 09:17:48 arch kernel: system 00:01: [mem 0xfe000000-0xfe01ffff] could not be reserved
Nov 25 09:17:48 arch kernel: system 00:01: [mem 0xfe200000-0xfe7fffff] has been reserved
Nov 25 09:17:48 arch kernel: system 00:01: [mem 0xff000000-0xffffffff] could not be reserved
Nov 25 09:17:48 arch kernel: system 00:01: [mem 0x00000000-0x003fffff] could not be reserved
Nov 25 09:17:48 arch kernel: system 00:01: Plug and Play ACPI device, IDs PNP0c02 (active)
Nov 25 09:17:48 arch kernel: system 00:02: [io  0x2000-0x20fe] has been reserved
Nov 25 09:17:48 arch kernel: system 00:02: Plug and Play ACPI device, IDs PNP0c02 (active)
Nov 25 09:17:48 arch kernel: system 00:03: [io  0x0680-0x069f] has been reserved
Nov 25 09:17:48 arch kernel: system 00:03: [io  0x164e-0x164f] has been reserved
Nov 25 09:17:48 arch kernel: system 00:03: Plug and Play ACPI device, IDs PNP0c02 (active)
Nov 25 09:17:48 arch kernel: system 00:04: [io  0x1854-0x1857] has been reserved
Nov 25 09:17:48 arch kernel: system 00:04: Plug and Play ACPI device, IDs INT3f0d PNP0c02 (active)
Nov 25 09:17:48 arch kernel: pnp 00:05: Plug and Play ACPI device, IDs PNP0303 (active)
Nov 25 09:17:48 arch kernel: system 00:06: [mem 0xfd6e0000-0xfd6effff] has been reserved
Nov 25 09:17:48 arch kernel: system 00:06: [mem 0xfd6d0000-0xfd6dffff] has been reserved
Nov 25 09:17:48 arch kernel: system 00:06: [mem 0xfd6a0000-0xfd6affff] has been reserved
Nov 25 09:17:48 arch kernel: system 00:06: Plug and Play ACPI device, IDs PNP0c02 (active)
Nov 25 09:17:48 arch kernel: system 00:07: [mem 0xfed10000-0xfed17fff] has been reserved
Nov 25 09:17:48 arch kernel: system 00:07: [mem 0xfed18000-0xfed18fff] has been reserved
Nov 25 09:17:48 arch kernel: system 00:07: [mem 0xfed19000-0xfed19fff] has been reserved
Nov 25 09:17:48 arch kernel: system 00:07: [mem 0xe0000000-0xefffffff] has been reserved
Nov 25 09:17:48 arch kernel: system 00:07: [mem 0xfed20000-0xfed3ffff] has been reserved
Nov 25 09:17:48 arch kernel: system 00:07: [mem 0xfed90000-0xfed93fff] could not be reserved
Nov 25 09:17:48 arch kernel: system 00:07: [mem 0xfed45000-0xfed8ffff] could not be reserved
Nov 25 09:17:48 arch kernel: system 00:07: [mem 0xfee00000-0xfeefffff] could not be reserved
Nov 25 09:17:48 arch kernel: system 00:07: Plug and Play ACPI device, IDs PNP0c02 (active)
Nov 25 09:17:48 arch kernel: system 00:08: [mem 0xfe038000-0xfe038fff] has been reserved
Nov 25 09:17:48 arch kernel: system 00:08: Plug and Play ACPI device, IDs PNP0c02 (active)
Nov 25 09:17:48 arch kernel: pnp: PnP ACPI: found 9 devices
Nov 25 09:17:48 arch kernel: clocksource: acpi_pm: mask: 0xffffff max_cycles: 0xffffff, max_idle_ns: 2085701024 ns
Nov 25 09:17:48 arch kernel: NET: Registered protocol family 2
Nov 25 09:17:48 arch kernel: tcp_listen_portaddr_hash hash table entries: 8192 (order: 5, 131072 bytes, linear)
Nov 25 09:17:48 arch kernel: TCP established hash table entries: 131072 (order: 8, 1048576 bytes, linear)
Nov 25 09:17:48 arch kernel: TCP bind hash table entries: 65536 (order: 8, 1048576 bytes, linear)
Nov 25 09:17:48 arch kernel: TCP: Hash tables configured (established 131072 bind 65536)
Nov 25 09:17:48 arch kernel: MPTCP token hash table entries: 16384 (order: 6, 393216 bytes, linear)
Nov 25 09:17:48 arch kernel: UDP hash table entries: 8192 (order: 6, 262144 bytes, linear)
Nov 25 09:17:48 arch kernel: UDP-Lite hash table entries: 8192 (order: 6, 262144 bytes, linear)
Nov 25 09:17:48 arch kernel: NET: Registered protocol family 1
Nov 25 09:17:48 arch kernel: NET: Registered protocol family 44
Nov 25 09:17:48 arch kernel: pci 0000:01:00.0: can't claim BAR 6 [mem 0xfff80000-0xffffffff pref]: no compatible bridge window
Nov 25 09:17:48 arch kernel: pci 0000:00:15.0: BAR 0: assigned [mem 0x9f800000-0x9f800fff 64bit]
Nov 25 09:17:48 arch kernel: pci 0000:01:00.0: BAR 6: no space for [mem size 0x00080000 pref]
Nov 25 09:17:48 arch kernel: pci 0000:01:00.0: BAR 6: failed to assign [mem size 0x00080000 pref]
Nov 25 09:17:48 arch kernel: pci 0000:00:1c.0: PCI bridge to [bus 01]
Nov 25 09:17:48 arch kernel: pci 0000:00:1c.0:   bridge window [io  0x5000-0x5fff]
Nov 25 09:17:48 arch kernel: pci 0000:00:1c.0:   bridge window [mem 0xb3000000-0xb3ffffff]
Nov 25 09:17:48 arch kernel: pci 0000:00:1c.0:   bridge window [mem 0xa0000000-0xb1ffffff 64bit pref]
Nov 25 09:17:48 arch kernel: pci 0000:00:1d.0: PCI bridge to [bus 02]
Nov 25 09:17:48 arch kernel: pci 0000:00:1d.0:   bridge window [io  0x4000-0x4fff]
Nov 25 09:17:48 arch kernel: pci 0000:00:1d.0:   bridge window [mem 0xb4300000-0xb43fffff]
Nov 25 09:17:48 arch kernel: pci 0000:00:1d.1: PCI bridge to [bus 03]
Nov 25 09:17:48 arch kernel: pci 0000:00:1d.1:   bridge window [io  0x3000-0x3fff]
Nov 25 09:17:48 arch kernel: pci 0000:00:1d.1:   bridge window [mem 0xb4200000-0xb42fffff]
Nov 25 09:17:48 arch kernel: pci 0000:00:1d.4: PCI bridge to [bus 04]
Nov 25 09:17:48 arch kernel: pci 0000:00:1d.4:   bridge window [mem 0xb4100000-0xb41fffff]
Nov 25 09:17:48 arch kernel: pci_bus 0000:00: resource 4 [io  0x0000-0x0cf7 window]
Nov 25 09:17:48 arch kernel: pci_bus 0000:00: resource 5 [io  0x0d00-0xffff window]
Nov 25 09:17:48 arch kernel: pci_bus 0000:00: resource 6 [mem 0x000a0000-0x000bffff window]
Nov 25 09:17:48 arch kernel: pci_bus 0000:00: resource 7 [mem 0x9f800000-0xdfffffff window]
Nov 25 09:17:48 arch kernel: pci_bus 0000:00: resource 8 [mem 0xfc800000-0xfe7fffff window]
Nov 25 09:17:48 arch kernel: pci_bus 0000:01: resource 0 [io  0x5000-0x5fff]
Nov 25 09:17:48 arch kernel: pci_bus 0000:01: resource 1 [mem 0xb3000000-0xb3ffffff]
Nov 25 09:17:48 arch kernel: pci_bus 0000:01: resource 2 [mem 0xa0000000-0xb1ffffff 64bit pref]
Nov 25 09:17:48 arch kernel: pci_bus 0000:02: resource 0 [io  0x4000-0x4fff]
Nov 25 09:17:48 arch kernel: pci_bus 0000:02: resource 1 [mem 0xb4300000-0xb43fffff]
Nov 25 09:17:48 arch kernel: pci_bus 0000:03: resource 0 [io  0x3000-0x3fff]
Nov 25 09:17:48 arch kernel: pci_bus 0000:03: resource 1 [mem 0xb4200000-0xb42fffff]
Nov 25 09:17:48 arch kernel: pci_bus 0000:04: resource 1 [mem 0xb4100000-0xb41fffff]
Nov 25 09:17:48 arch kernel: pci 0000:00:02.0: Video device with shadowed ROM at [mem 0x000c0000-0x000dffff]
Nov 25 09:17:48 arch kernel: PCI: CLS 64 bytes, default 64
Nov 25 09:17:48 arch kernel: Trying to unpack rootfs image as initramfs...
Nov 25 09:17:48 arch kernel: Freeing initrd memory: 9876K
Nov 25 09:17:48 arch kernel: PCI-DMA: Using software bounce buffering for IO (SWIOTLB)
Nov 25 09:17:48 arch kernel: software IO TLB: mapped [mem 0x90b26000-0x94b26000] (64MB)
Nov 25 09:17:48 arch kernel: platform rtc_cmos: registered platform RTC device (no PNP device found)
Nov 25 09:17:48 arch kernel: check: Scanning for low memory corruption every 60 seconds
Nov 25 09:17:48 arch kernel: Initialise system trusted keyrings
Nov 25 09:17:48 arch kernel: Key type blacklist registered
Nov 25 09:17:48 arch kernel: workingset: timestamp_bits=41 max_order=22 bucket_order=0
Nov 25 09:17:48 arch kernel: zbud: loaded
Nov 25 09:17:48 arch kernel: Key type asymmetric registered
Nov 25 09:17:48 arch kernel: Asymmetric key parser 'x509' registered
Nov 25 09:17:48 arch kernel: Block layer SCSI generic (bsg) driver version 0.4 loaded (major 244)
Nov 25 09:17:48 arch kernel: io scheduler mq-deadline registered
Nov 25 09:17:48 arch kernel: io scheduler kyber registered
Nov 25 09:17:48 arch kernel: io scheduler bfq registered
Nov 25 09:17:48 arch kernel: pcieport 0000:00:1c.0: AER: enabled with IRQ 122
Nov 25 09:17:48 arch kernel: pcieport 0000:00:1c.0: DPC: enabled with IRQ 122
Nov 25 09:17:48 arch kernel: pcieport 0000:00:1c.0: DPC: error containment capabilities: Int Msg #0, RPExt+ PoisonedTLP+ SwTrigger+ RP PIO Log 4, DL_ActiveErr+
Nov 25 09:17:48 arch kernel: pcieport 0000:00:1d.0: AER: enabled with IRQ 123
Nov 25 09:17:48 arch kernel: pcieport 0000:00:1d.0: DPC: enabled with IRQ 123
Nov 25 09:17:48 arch kernel: pcieport 0000:00:1d.0: DPC: error containment capabilities: Int Msg #0, RPExt+ PoisonedTLP+ SwTrigger+ RP PIO Log 4, DL_ActiveErr+
Nov 25 09:17:48 arch kernel: pcieport 0000:00:1d.1: AER: enabled with IRQ 124
Nov 25 09:17:48 arch kernel: pcieport 0000:00:1d.1: DPC: enabled with IRQ 124
Nov 25 09:17:48 arch kernel: pcieport 0000:00:1d.1: DPC: error containment capabilities: Int Msg #0, RPExt+ PoisonedTLP+ SwTrigger+ RP PIO Log 4, DL_ActiveErr+
Nov 25 09:17:48 arch kernel: pcieport 0000:00:1d.4: AER: enabled with IRQ 125
Nov 25 09:17:48 arch kernel: pcieport 0000:00:1d.4: DPC: enabled with IRQ 125
Nov 25 09:17:48 arch kernel: pcieport 0000:00:1d.4: DPC: error containment capabilities: Int Msg #0, RPExt+ PoisonedTLP+ SwTrigger+ RP PIO Log 4, DL_ActiveErr+
Nov 25 09:17:48 arch kernel: shpchp: Standard Hot Plug PCI Controller Driver version: 0.4
Nov 25 09:17:48 arch kernel: efifb: probing for efifb
Nov 25 09:17:48 arch kernel: efifb: showing boot graphics
Nov 25 09:17:48 arch kernel: efifb: framebuffer at 0xc0000000, using 8128k, total 8128k
Nov 25 09:17:48 arch kernel: efifb: mode is 1920x1080x32, linelength=7680, pages=1
Nov 25 09:17:48 arch kernel: efifb: scrolling: redraw
Nov 25 09:17:48 arch kernel: efifb: Truecolor: size=8:8:8:8, shift=24:16:8:0
Nov 25 09:17:48 arch kernel: fbcon: Deferring console take-over
Nov 25 09:17:48 arch kernel: fb0: EFI VGA frame buffer device
Nov 25 09:17:48 arch kernel: intel_idle: MWAIT substates: 0x11142120
Nov 25 09:17:48 arch kernel: intel_idle: v0.5.1 model 0x8E
Nov 25 09:17:48 arch kernel: intel_idle: Local APIC timer is reliable in all C-states
Nov 25 09:17:48 arch kernel: input: Lid Switch as /devices/LNXSYSTM:00/LNXSYBUS:00/PNP0A08:00/device:19/PNP0C0D:00/input/input0
Nov 25 09:17:48 arch kernel: ACPI: Lid Switch [LID0]
Nov 25 09:17:48 arch kernel: input: Power Button as /devices/LNXSYSTM:00/LNXSYBUS:00/PNP0C0C:00/input/input1
Nov 25 09:17:48 arch kernel: ACPI: Power Button [PWRB]
Nov 25 09:17:48 arch kernel: input: Power Button as /devices/LNXSYSTM:00/LNXPWRBN:00/input/input2
Nov 25 09:17:48 arch kernel: ACPI: Power Button [PWRF]
Nov 25 09:17:48 arch kernel: thermal LNXTHERM:00: registered as thermal_zone0
Nov 25 09:17:48 arch kernel: ACPI: Thermal Zone [TZ00] (28 C)
Nov 25 09:17:48 arch kernel: thermal LNXTHERM:01: registered as thermal_zone1
Nov 25 09:17:48 arch kernel: ACPI: Thermal Zone [TZ01] (30 C)
Nov 25 09:17:48 arch kernel: thermal LNXTHERM:02: registered as thermal_zone2
Nov 25 09:17:48 arch kernel: ACPI: Thermal Zone [TZ02] (10 C)
Nov 25 09:17:48 arch kernel: Serial: 8250/16550 driver, 4 ports, IRQ sharing enabled
Nov 25 09:17:48 arch kernel: AMD-Vi: AMD IOMMUv2 driver by Joerg Roedel <jroedel@suse.de>
Nov 25 09:17:48 arch kernel: AMD-Vi: AMD IOMMUv2 functionality not available on this system
Nov 25 09:17:48 arch kernel: nvme nvme0: pci function 0000:04:00.0
Nov 25 09:17:48 arch kernel: ahci 0000:00:17.0: version 3.0
Nov 25 09:17:48 arch kernel: ahci 0000:00:17.0: AHCI 0001.0301 32 slots 1 ports 6 Gbps 0x1 impl RAID mode
Nov 25 09:17:48 arch kernel: ahci 0000:00:17.0: flags: 64bit ncq sntf pm clo only pio slum part deso sadm sds apst 
Nov 25 09:17:48 arch kernel: scsi host0: ahci
Nov 25 09:17:48 arch kernel: ata1: SATA max UDMA/133 abar m2048@0xb4427000 port 0xb4427100 irq 127
Nov 25 09:17:48 arch kernel: usbcore: registered new interface driver usbserial_generic
Nov 25 09:17:48 arch kernel: usbserial: USB Serial support registered for generic
Nov 25 09:17:48 arch kernel: rtc_cmos rtc_cmos: RTC can wake from S4
Nov 25 09:17:48 arch kernel: rtc_cmos rtc_cmos: registered as rtc0
Nov 25 09:17:48 arch kernel: rtc_cmos rtc_cmos: setting system clock to 2020-11-25T08:17:46 UTC (1606292266)
Nov 25 09:17:48 arch kernel: rtc_cmos rtc_cmos: alarms up to one month, y3k, 114 bytes nvram, hpet irqs
Nov 25 09:17:48 arch kernel: intel_pstate: Intel P-state driver initializing
Nov 25 09:17:48 arch kernel: intel_pstate: HWP enabled
Nov 25 09:17:48 arch kernel: ledtrig-cpu: registered to indicate activity on CPUs
Nov 25 09:17:48 arch kernel: intel_pmc_core INT33A1:00:  initialized
Nov 25 09:17:48 arch kernel: drop_monitor: Initializing network drop monitor service
Nov 25 09:17:48 arch kernel: NET: Registered protocol family 10
Nov 25 09:17:48 arch kernel: Segment Routing with IPv6
Nov 25 09:17:48 arch kernel: RPL Segment Routing with IPv6
Nov 25 09:17:48 arch kernel: NET: Registered protocol family 17
Nov 25 09:17:48 arch kernel: microcode: sig=0x806ec, pf=0x4, revision=0xd6
Nov 25 09:17:48 arch kernel: microcode: Microcode Update Driver: v2.2.
Nov 25 09:17:48 arch kernel: IPI shorthand broadcast: enabled
Nov 25 09:17:48 arch kernel: sched_clock: Marking stable (374481682, 5668041)->(386303791, -6154068)
Nov 25 09:17:48 arch kernel: registered taskstats version 1
Nov 25 09:17:48 arch kernel: Loading compiled-in X.509 certificates
Nov 25 09:17:48 arch kernel: nvme nvme0: missing or invalid SUBNQN field.
Nov 25 09:17:48 arch kernel: nvme nvme0: Shutdown timeout set to 8 seconds
Nov 25 09:17:48 arch kernel: Loaded X.509 cert 'Build time autogenerated kernel key: 3c6ee907a283df1d07616a094be00ce0911e3832'
Nov 25 09:17:48 arch kernel: zswap: loaded using pool lz4/z3fold
Nov 25 09:17:48 arch kernel: Key type ._fscrypt registered
Nov 25 09:17:48 arch kernel: Key type .fscrypt registered
Nov 25 09:17:48 arch kernel: Key type fscrypt-provisioning registered
Nov 25 09:17:48 arch kernel: PM:   Magic number: 12:476:271
Nov 25 09:17:48 arch kernel: RAS: Correctable Errors collector initialized.
Nov 25 09:17:48 arch kernel: nvme nvme0: 8/0/0 default/read/poll queues
Nov 25 09:17:48 arch kernel:  nvme0n1: p1 p2
Nov 25 09:17:48 arch kernel: ata1: SATA link up 6.0 Gbps (SStatus 133 SControl 300)
Nov 25 09:17:48 arch kernel: ata1.00: ATA-10: TOSHIBA MQ04ABF100, JU007C, max UDMA/100
Nov 25 09:17:48 arch kernel: ata1.00: 1953525168 sectors, multi 16: LBA48 NCQ (depth 32), AA
Nov 25 09:17:48 arch kernel: ata1.00: configured for UDMA/100
Nov 25 09:17:48 arch kernel: scsi 0:0:0:0: Direct-Access     ATA      TOSHIBA MQ04ABF1 7C   PQ: 0 ANSI: 5
Nov 25 09:17:48 arch kernel: sd 0:0:0:0: [sda] Drive-managed SMR disk
Nov 25 09:17:48 arch kernel: sd 0:0:0:0: [sda] 1953525168 512-byte logical blocks: (1.00 TB/932 GiB)
Nov 25 09:17:48 arch kernel: sd 0:0:0:0: [sda] 4096-byte physical blocks
Nov 25 09:17:48 arch kernel: sd 0:0:0:0: [sda] Write Protect is off
Nov 25 09:17:48 arch kernel: sd 0:0:0:0: [sda] Mode Sense: 00 3a 00 00
Nov 25 09:17:48 arch kernel: sd 0:0:0:0: [sda] Write cache: enabled, read cache: enabled, doesn't support DPO or FUA
Nov 25 09:17:48 arch kernel:  sda: sda1 sda2 sda3
Nov 25 09:17:48 arch kernel: sd 0:0:0:0: [sda] Attached SCSI disk
Nov 25 09:17:48 arch kernel: Freeing unused decrypted memory: 2040K
Nov 25 09:17:48 arch kernel: Freeing unused kernel image (initmem) memory: 1660K
Nov 25 09:17:48 arch kernel: Write protecting the kernel read-only data: 24576k
Nov 25 09:17:48 arch kernel: Freeing unused kernel image (text/rodata gap) memory: 2044K
Nov 25 09:17:48 arch kernel: Freeing unused kernel image (rodata/data gap) memory: 272K
Nov 25 09:17:48 arch kernel: x86/mm: Checked W+X mappings: passed, no W+X pages found.
Nov 25 09:17:48 arch kernel: CFS CPU scheduler.
Nov 25 09:17:48 arch kernel: Run /init as init process
Nov 25 09:17:48 arch kernel:   with arguments:
Nov 25 09:17:48 arch kernel:     /init
Nov 25 09:17:48 arch kernel:   with environment:
Nov 25 09:17:48 arch kernel:     HOME=/
Nov 25 09:17:48 arch kernel:     TERM=linux
Nov 25 09:17:48 arch kernel:     BOOT_IMAGE=/boot/vmlinuz-linux-zen
Nov 25 09:17:48 arch kernel: fbcon: Taking over console
Nov 25 09:17:48 arch kernel: Console: switching to colour frame buffer device 240x67
Nov 25 09:17:48 arch kernel: i8042: PNP: PS/2 Controller [PNP0303:PS2K] at 0x60,0x64 irq 1
Nov 25 09:17:48 arch kernel: i8042: PNP: PS/2 appears to have AUX port disabled, if this is incorrect please boot with i8042.nopnp
Nov 25 09:17:48 arch kernel: serio: i8042 KBD port at 0x60,0x64 irq 1
Nov 25 09:17:48 arch kernel: xhci_hcd 0000:00:14.0: xHCI Host Controller
Nov 25 09:17:48 arch kernel: xhci_hcd 0000:00:14.0: new USB bus registered, assigned bus number 1
Nov 25 09:17:48 arch kernel: xhci_hcd 0000:00:14.0: hcc params 0x200077c1 hci version 0x110 quirks 0x0000000000009810
Nov 25 09:17:48 arch kernel: xhci_hcd 0000:00:14.0: cache line size of 64 is not supported
Nov 25 09:17:48 arch kernel: usb usb1: New USB device found, idVendor=1d6b, idProduct=0002, bcdDevice= 5.09
Nov 25 09:17:48 arch kernel: usb usb1: New USB device strings: Mfr=3, Product=2, SerialNumber=1
Nov 25 09:17:48 arch kernel: usb usb1: Product: xHCI Host Controller
Nov 25 09:17:48 arch kernel: usb usb1: Manufacturer: Linux 5.9.10-zen1-1-zen xhci-hcd
Nov 25 09:17:48 arch kernel: usb usb1: SerialNumber: 0000:00:14.0
Nov 25 09:17:48 arch kernel: hub 1-0:1.0: USB hub found
Nov 25 09:17:48 arch kernel: hub 1-0:1.0: 12 ports detected
Nov 25 09:17:48 arch kernel: xhci_hcd 0000:00:14.0: xHCI Host Controller
Nov 25 09:17:48 arch kernel: xhci_hcd 0000:00:14.0: new USB bus registered, assigned bus number 2
Nov 25 09:17:48 arch kernel: xhci_hcd 0000:00:14.0: Host supports USB 3.1 Enhanced SuperSpeed
Nov 25 09:17:48 arch kernel: usb usb2: New USB device found, idVendor=1d6b, idProduct=0003, bcdDevice= 5.09
Nov 25 09:17:48 arch kernel: usb usb2: New USB device strings: Mfr=3, Product=2, SerialNumber=1
Nov 25 09:17:48 arch kernel: usb usb2: Product: xHCI Host Controller
Nov 25 09:17:48 arch kernel: usb usb2: Manufacturer: Linux 5.9.10-zen1-1-zen xhci-hcd
Nov 25 09:17:48 arch kernel: usb usb2: SerialNumber: 0000:00:14.0
Nov 25 09:17:48 arch kernel: hub 2-0:1.0: USB hub found
Nov 25 09:17:48 arch kernel: hub 2-0:1.0: 6 ports detected
Nov 25 09:17:48 arch kernel: usb: port power management may be unreliable
Nov 25 09:17:48 arch kernel: input: AT Translated Set 2 keyboard as /devices/platform/i8042/serio0/input/input3
Nov 25 09:17:48 arch kernel: usb 1-5: new high-speed USB device number 2 using xhci_hcd
Nov 25 09:17:48 arch kernel: usb 1-5: New USB device found, idVendor=0408, idProduct=5365, bcdDevice= 0.02
Nov 25 09:17:48 arch kernel: usb 1-5: New USB device strings: Mfr=1, Product=2, SerialNumber=0
Nov 25 09:17:48 arch kernel: usb 1-5: Product: HP TrueVision HD Camera
Nov 25 09:17:48 arch kernel: usb 1-5: Manufacturer: SunplusIT Inc
Nov 25 09:17:48 arch kernel: tsc: Refined TSC clocksource calibration: 2111.998 MHz
Nov 25 09:17:48 arch kernel: clocksource: tsc: mask: 0xffffffffffffffff max_cycles: 0x1e71768ef8b, max_idle_ns: 440795218977 ns
Nov 25 09:17:48 arch kernel: clocksource: Switched to clocksource tsc
Nov 25 09:17:48 arch kernel: EXT4-fs (nvme0n1p2): mounted filesystem with ordered data mode. Opts: (null)
Nov 25 09:17:48 arch kernel: random: fast init done
Nov 25 09:17:48 arch systemd[1]: systemd 246.6-1-arch running in system mode. (+PAM +AUDIT -SELINUX -IMA -APPARMOR +SMACK -SYSVINIT +UTMP +LIBCRYPTSETUP +GCRYPT +GNUTLS +ACL +XZ +LZ4 +ZSTD +SECCOMP +BLKID +ELFUTILS +KMOD +IDN2 -IDN +PCRE2 default-hierarchy=hybrid)
Nov 25 09:17:48 arch systemd[1]: Detected architecture x86-64.
Nov 25 09:17:48 arch systemd[1]: Set hostname to <arch>.
Nov 25 09:17:48 arch kernel: random: crng init done
Nov 25 09:17:48 arch systemd[1]: Queued start job for default target Graphical Interface.
Nov 25 09:17:48 arch systemd[1]: Created slice Virtual Machine and Container Slice.
Nov 25 09:17:48 arch systemd[1]: Created slice system-getty.slice.
Nov 25 09:17:48 arch systemd[1]: Created slice system-modprobe.slice.
Nov 25 09:17:48 arch systemd[1]: Created slice system-systemd\x2dfsck.slice.
Nov 25 09:17:48 arch systemd[1]: Created slice User and Session Slice.
Nov 25 09:17:48 arch systemd[1]: Started Dispatch Password Requests to Console Directory Watch.
Nov 25 09:17:48 arch systemd[1]: Started Forward Password Requests to Wall Directory Watch.
Nov 25 09:17:48 arch systemd[1]: Set up automount Arbitrary Executable File Formats File System Automount Point.
Nov 25 09:17:48 arch systemd[1]: Reached target Local Encrypted Volumes.
Nov 25 09:17:48 arch systemd[1]: Reached target Login Prompts.
Nov 25 09:17:48 arch systemd[1]: Reached target Paths.
Nov 25 09:17:48 arch systemd[1]: Reached target Remote File Systems.
Nov 25 09:17:48 arch systemd[1]: Reached target Slices.
Nov 25 09:17:48 arch systemd[1]: Listening on Device-mapper event daemon FIFOs.
Nov 25 09:17:48 arch systemd[1]: Listening on LVM2 metadata daemon socket.
Nov 25 09:17:48 arch systemd[1]: Listening on LVM2 poll daemon socket.
Nov 25 09:17:48 arch systemd[1]: Listening on Process Core Dump Socket.
Nov 25 09:17:48 arch systemd[1]: Listening on Journal Audit Socket.
Nov 25 09:17:48 arch systemd[1]: Listening on Journal Socket (/dev/log).
Nov 25 09:17:48 arch systemd[1]: Listening on Journal Socket.
Nov 25 09:17:48 arch systemd[1]: Listening on udev Control Socket.
Nov 25 09:17:48 arch systemd[1]: Listening on udev Kernel Socket.
Nov 25 09:17:48 arch systemd[1]: Mounting Huge Pages File System...
Nov 25 09:17:48 arch systemd[1]: Mounting POSIX Message Queue File System...
Nov 25 09:17:48 arch systemd[1]: Mounting Kernel Debug File System...
Nov 25 09:17:48 arch systemd[1]: Mounting Kernel Trace File System...
Nov 25 09:17:48 arch systemd[1]: Starting Create list of static device nodes for the current kernel...
Nov 25 09:17:48 arch systemd[1]: Starting Monitoring of LVM2 mirrors, snapshots etc. using dmeventd or progress polling...
Nov 25 09:17:48 arch systemd[1]: Starting Load Kernel Module drm...
Nov 25 09:17:48 arch systemd[1]: Starting Set Up Additional Binary Formats...
Nov 25 09:17:48 arch systemd[1]: Condition check resulted in File System Check on Root Device being skipped.
Nov 25 09:17:48 arch systemd[1]: Starting Journal Service...
Nov 25 09:17:48 arch systemd[1]: Starting Load Kernel Modules...
Nov 25 09:17:48 arch systemd[1]: Starting Remount Root and Kernel File Systems...
Nov 25 09:17:48 arch systemd[1]: Condition check resulted in Repartition Root Disk being skipped.
Nov 25 09:17:48 arch systemd[1]: Starting Coldplug All udev Devices...
Nov 25 09:17:48 arch systemd[1]: Mounted Huge Pages File System.
Nov 25 09:17:48 arch systemd[1]: Mounted POSIX Message Queue File System.
Nov 25 09:17:48 arch systemd[1]: Mounted Kernel Debug File System.
Nov 25 09:17:48 arch systemd[1]: Mounted Kernel Trace File System.
Nov 25 09:17:48 arch systemd[1]: Finished Create list of static device nodes for the current kernel.
Nov 25 09:17:48 arch kernel: Linux agpgart interface v0.103
Nov 25 09:17:48 arch systemd[1]: proc-sys-fs-binfmt_misc.automount: Got automount request for /proc/sys/fs/binfmt_misc, triggered by 251 (systemd-binfmt)
Nov 25 09:17:48 arch systemd[1]: Mounting Arbitrary Executable File Formats File System...
Nov 25 09:17:48 arch systemd[1]: Mounted Arbitrary Executable File Formats File System.
Nov 25 09:17:48 arch kernel: EXT4-fs (nvme0n1p2): re-mounted. Opts: (null)
Nov 25 09:17:48 arch systemd[1]: Finished Set Up Additional Binary Formats.
Nov 25 09:17:48 arch systemd[1]: Finished Remount Root and Kernel File Systems.
Nov 25 09:17:48 arch systemd[1]: Condition check resulted in First Boot Wizard being skipped.
Nov 25 09:17:48 arch systemd[1]: Condition check resulted in Rebuild Hardware Database being skipped.
Nov 25 09:17:48 arch systemd[1]: Starting Load/Save Random Seed...
Nov 25 09:17:48 arch systemd[1]: Condition check resulted in Create System Users being skipped.
Nov 25 09:17:48 arch systemd[1]: Starting Create Static Device Nodes in /dev...
Nov 25 09:17:48 arch systemd[1]: Finished Load Kernel Modules.
Nov 25 09:17:48 arch systemd[1]: Condition check resulted in FUSE Control File System being skipped.
Nov 25 09:17:48 arch systemd[1]: Mounting Kernel Configuration File System...
Nov 25 09:17:48 arch systemd[1]: Starting Apply Kernel Variables...
Nov 25 09:17:48 arch systemd[1]: Mounted Kernel Configuration File System.
Nov 25 09:17:48 arch systemd[1]: Finished Apply Kernel Variables.
Nov 25 09:17:48 arch systemd[1]: Finished Create Static Device Nodes in /dev.
Nov 25 09:17:48 arch systemd[1]: Starting Rule-based Manager for Device Events and Files...
Nov 25 09:17:48 arch systemd[1]: Finished Load/Save Random Seed.
Nov 25 09:17:48 arch systemd[1]: modprobe@drm.service: Succeeded.
Nov 25 09:17:48 arch systemd[1]: Finished Load Kernel Module drm.
Nov 25 09:17:48 arch systemd[1]: Finished Coldplug All udev Devices.
Nov 25 09:17:48 arch systemd-journald[252]: Journal started
 Subject: The journal has been started
 Defined-By: systemd
 Support: https://lists.freedesktop.org/mailman/listinfo/systemd-devel
 
 The system journal process has started up, opened the journal
 files for writing and is now ready to process requests.
Nov 25 09:17:48 arch systemd-journald[252]: Runtime Journal (/run/log/journal/0294e99dbf854b7db452a4e77f3c1e5d) is 8.0M, max 589.0M, 581.0M free.
 Subject: Disk space used by the journal
 Defined-By: systemd
 Support: https://lists.freedesktop.org/mailman/listinfo/systemd-devel
 
 Runtime Journal (/run/log/journal/0294e99dbf854b7db452a4e77f3c1e5d) is currently using 8.0M.
 Maximum allowed usage is set to 589.0M.
 Leaving at least 294.5M free (of currently available 5.7G of disk space).
 Enforced usage limit is thus 589.0M, of which 581.0M are still available.
 
 The limits controlling how much disk space is used by the journal may
 be configured with SystemMaxUse=, SystemKeepFree=, SystemMaxFileSize=,
 RuntimeMaxUse=, RuntimeKeepFree=, RuntimeMaxFileSize= settings in
 /etc/systemd/journald.conf. See journald.conf(5) for details.
Nov 25 09:17:48 arch systemd-modules-load[253]: Inserted module 'crypto_user'
Nov 25 09:17:48 arch systemd-sysctl[261]: Not setting net/ipv4/conf/all/rp_filter (explicit setting exists).
Nov 25 09:17:48 arch audit[1]: SERVICE_START pid=1 uid=0 auid=4294967295 ses=4294967295 msg='unit=systemd-journald comm="systemd" exe="/usr/lib/systemd/systemd" hostname=? addr=? terminal=? res=success'
Nov 25 09:17:48 arch systemd-sysctl[261]: Not setting net/ipv4/conf/default/rp_filter (explicit setting exists).
Nov 25 09:17:48 arch systemd-sysctl[261]: Not setting net/ipv4/conf/all/accept_source_route (explicit setting exists).
Nov 25 09:17:48 arch systemd-sysctl[261]: Not setting net/ipv4/conf/default/accept_source_route (explicit setting exists).
Nov 25 09:17:48 arch systemd-sysctl[261]: Not setting net/ipv4/conf/all/promote_secondaries (explicit setting exists).
Nov 25 09:17:48 arch systemd-sysctl[261]: Not setting net/ipv4/conf/default/promote_secondaries (explicit setting exists).
Nov 25 09:17:48 arch systemd[1]: Started Journal Service.
Nov 25 09:17:48 arch kernel: audit: type=1130 audit(1606292268.134:2): pid=1 uid=0 auid=4294967295 ses=4294967295 msg='unit=systemd-journald comm="systemd" exe="/usr/lib/systemd/systemd" hostname=? addr=? terminal=? res=success'
Nov 25 09:17:48 arch systemd[1]: Starting Flush Journal to Persistent Storage...
 Subject: A start job for unit systemd-journal-flush.service has begun execution
 Defined-By: systemd
 Support: https://lists.freedesktop.org/mailman/listinfo/systemd-devel
 
 A start job for unit systemd-journal-flush.service has begun execution.
 
 The job identifier is 58.
Nov 25 09:17:48 arch systemd-journald[252]: Time spent on flushing to /var/log/journal/0294e99dbf854b7db452a4e77f3c1e5d is 84.987ms for 801 entries.
Nov 25 09:17:48 arch systemd-journald[252]: System Journal (/var/log/journal/0294e99dbf854b7db452a4e77f3c1e5d) is 56.0M, max 4.0G, 3.9G free.
 Subject: Disk space used by the journal
 Defined-By: systemd
 Support: https://lists.freedesktop.org/mailman/listinfo/systemd-devel
 
 System Journal (/var/log/journal/0294e99dbf854b7db452a4e77f3c1e5d) is currently using 56.0M.
 Maximum allowed usage is set to 4.0G.
 Leaving at least 4.0G free (of currently available 212.8G of disk space).
 Enforced usage limit is thus 4.0G, of which 3.9G are still available.
 
 The limits controlling how much disk space is used by the journal may
 be configured with SystemMaxUse=, SystemKeepFree=, SystemMaxFileSize=,
 RuntimeMaxUse=, RuntimeKeepFree=, RuntimeMaxFileSize= settings in
 /etc/systemd/journald.conf. See journald.conf(5) for details.
Nov 25 09:17:48 arch kernel: audit: type=1130 audit(1606292268.158:3): pid=1 uid=0 auid=4294967295 ses=4294967295 msg='unit=systemd-udevd comm="systemd" exe="/usr/lib/systemd/systemd" hostname=? addr=? terminal=? res=success'
Nov 25 09:17:48 arch kernel: audit: type=1130 audit(1606292268.158:4): pid=1 uid=0 auid=4294967295 ses=4294967295 msg='unit=lvm2-lvmetad comm="systemd" exe="/usr/lib/systemd/systemd" hostname=? addr=? terminal=? res=success'
Nov 25 09:17:48 arch kernel: input: HP Wireless hotkeys as /devices/virtual/input/input4
Nov 25 09:17:48 arch kernel: wmi_bus wmi_bus-PNP0C14:01: WQ data block query control method not found
Nov 25 09:17:48 arch kernel: wmi_bus wmi_bus-PNP0C14:01: WQ data block query control method not found
Nov 25 09:17:48 arch kernel: wmi_bus wmi_bus-PNP0C14:01: WQ data block query control method not found
Nov 25 09:17:48 arch kernel: wmi_bus wmi_bus-PNP0C14:01: WQ data block query control method not found
Nov 25 09:17:48 arch kernel: ACPI: AC Adapter [ACAD] (off-line)
Nov 25 09:17:48 arch kernel: acpi PNP0C14:04: duplicate WMI GUID 05901221-D566-11D1-B2F0-00A0C9062910 (first instance was on PNP0C14:03)
Nov 25 09:17:48 arch kernel: acpi PNP0C14:05: duplicate WMI GUID 05901221-D566-11D1-B2F0-00A0C9062910 (first instance was on PNP0C14:03)
Nov 25 09:17:48 arch kernel: wmi_bus wmi_bus-PNP0C14:05: WQBJ data block query control method not found
Nov 25 09:17:48 arch kernel: battery: ACPI: Battery Slot [BAT1] (battery present)
Nov 25 09:17:48 arch audit[1]: SERVICE_START pid=1 uid=0 auid=4294967295 ses=4294967295 msg='unit=systemd-udevd comm="systemd" exe="/usr/lib/systemd/systemd" hostname=? addr=? terminal=? res=success'
Nov 25 09:17:48 arch audit[1]: SERVICE_START pid=1 uid=0 auid=4294967295 ses=4294967295 msg='unit=lvm2-lvmetad comm="systemd" exe="/usr/lib/systemd/systemd" hostname=? addr=? terminal=? res=success'
Nov 25 09:17:48 arch systemd[1]: Started Rule-based Manager for Device Events and Files.
 Subject: A start job for unit systemd-udevd.service has finished successfully
 Defined-By: systemd
 Support: https://lists.freedesktop.org/mailman/listinfo/systemd-devel
 
 A start job for unit systemd-udevd.service has finished successfully.
 
 The job identifier is 21.
Nov 25 09:17:48 arch systemd[1]: Started LVM2 metadata daemon.
 Subject: A start job for unit lvm2-lvmetad.service has finished successfully
 Defined-By: systemd
 Support: https://lists.freedesktop.org/mailman/listinfo/systemd-devel
 
 A start job for unit lvm2-lvmetad.service has finished successfully.
 
 The job identifier is 108.
Nov 25 09:17:48 arch systemd[1]: Finished Flush Journal to Persistent Storage.
 Subject: A start job for unit systemd-journal-flush.service has finished successfully
 Defined-By: systemd
 Support: https://lists.freedesktop.org/mailman/listinfo/systemd-devel
 
 A start job for unit systemd-journal-flush.service has finished successfully.
 
 The job identifier is 58.
Nov 25 09:17:48 arch audit[1]: SERVICE_START pid=1 uid=0 auid=4294967295 ses=4294967295 msg='unit=systemd-journal-flush comm="systemd" exe="/usr/lib/systemd/systemd" hostname=? addr=? terminal=? res=success'
Nov 25 09:17:48 arch kernel: audit: type=1130 audit(1606292268.235:5): pid=1 uid=0 auid=4294967295 ses=4294967295 msg='unit=systemd-journal-flush comm="systemd" exe="/usr/lib/systemd/systemd" hostname=? addr=? terminal=? res=success'
Nov 25 09:17:48 arch kernel: hid: raw HID events driver (C) Jiri Kosina
Nov 25 09:17:48 arch kernel: intel_rapl_common: Found RAPL domain package
Nov 25 09:17:48 arch kernel: intel_rapl_common: Found RAPL domain dram
Nov 25 09:17:48 arch kernel: proc_thermal 0000:00:04.0: Creating sysfs group for PROC_THERMAL_PCI
Nov 25 09:17:48 arch kernel: mei_me 0000:00:16.0: enabling device (0000 -> 0002)
Nov 25 09:17:48 arch kernel: libphy: Fixed MDIO Bus: probed
Nov 25 09:17:48 arch kernel: intel-lpss 0000:00:15.0: enabling device (0004 -> 0006)
Nov 25 09:17:48 arch kernel: idma64 idma64.0: Found Intel integrated DMA 64-bit
Nov 25 09:17:48 arch kernel: i2c_hid i2c-ELAN0709:00: supply vdd not found, using dummy regulator
Nov 25 09:17:48 arch kernel: i2c_hid i2c-ELAN0709:00: supply vddl not found, using dummy regulator
Nov 25 09:17:48 arch systemd[1]: Found device TOSHIBA_MQ04ABF100 2.
 Subject: A start job for unit dev-disk-by\x2duuid-50866bfa\x2d687f\x2d4959\x2dab30\x2dbf76807aea7a.device has finished successfully
 Defined-By: systemd
 Support: https://lists.freedesktop.org/mailman/listinfo/systemd-devel
 
 A start job for unit dev-disk-by\x2duuid-50866bfa\x2d687f\x2d4959\x2dab30\x2dbf76807aea7a.device has finished successfully.
 
 The job identifier is 54.
Nov 25 09:17:48 arch systemd[1]: Activating swap /dev/disk/by-uuid/50866bfa-687f-4959-ab30-bf76807aea7a...
 Subject: A start job for unit dev-disk-by\x2duuid-50866bfa\x2d687f\x2d4959\x2dab30\x2dbf76807aea7a.swap has begun execution
 Defined-By: systemd
 Support: https://lists.freedesktop.org/mailman/listinfo/systemd-devel
 
 A start job for unit dev-disk-by\x2duuid-50866bfa\x2d687f\x2d4959\x2dab30\x2dbf76807aea7a.swap has begun execution.
 
 The job identifier is 53.
Nov 25 09:17:48 arch systemd[1]: Found device TOSHIBA_MQ04ABF100 1.
 Subject: A start job for unit dev-disk-by\x2duuid-e1e31cdc\x2d9037\x2d4a9e\x2dae5f\x2def3206ccc722.device has finished successfully
 Defined-By: systemd
 Support: https://lists.freedesktop.org/mailman/listinfo/systemd-devel
 
 A start job for unit dev-disk-by\x2duuid-e1e31cdc\x2d9037\x2d4a9e\x2dae5f\x2def3206ccc722.device has finished successfully.
 
 The job identifier is 42.
Nov 25 09:17:48 arch kernel: Adding 13316092k swap on /dev/sda2.  Priority:-2 extents:1 across:13316092k FS
Nov 25 09:17:48 arch systemd[1]: Activated swap /dev/disk/by-uuid/50866bfa-687f-4959-ab30-bf76807aea7a.
 Subject: A start job for unit dev-disk-by\x2duuid-50866bfa\x2d687f\x2d4959\x2dab30\x2dbf76807aea7a.swap has finished successfully
 Defined-By: systemd
 Support: https://lists.freedesktop.org/mailman/listinfo/systemd-devel
 
 A start job for unit dev-disk-by\x2duuid-50866bfa\x2d687f\x2d4959\x2dab30\x2dbf76807aea7a.swap has finished successfully.
 
 The job identifier is 53.
Nov 25 09:17:48 arch systemd[1]: Reached target Swap.
 Subject: A start job for unit swap.target has finished successfully
 Defined-By: systemd
 Support: https://lists.freedesktop.org/mailman/listinfo/systemd-devel
 
 A start job for unit swap.target has finished successfully.
 
 The job identifier is 52.
Nov 25 09:17:48 arch systemd[1]: Mounting Temporary Directory (/tmp)...
 Subject: A start job for unit tmp.mount has begun execution
 Defined-By: systemd
 Support: https://lists.freedesktop.org/mailman/listinfo/systemd-devel
 
 A start job for unit tmp.mount has begun execution.
 
 The job identifier is 47.
Nov 25 09:17:48 arch systemd[1]: Mounted Temporary Directory (/tmp).
 Subject: A start job for unit tmp.mount has finished successfully
 Defined-By: systemd
 Support: https://lists.freedesktop.org/mailman/listinfo/systemd-devel
 
 A start job for unit tmp.mount has finished successfully.
 
 The job identifier is 47.
Nov 25 09:17:48 arch kernel: input: PC Speaker as /devices/platform/pcspkr/input/input5
Nov 25 09:17:48 arch kernel: cfg80211: Loading compiled-in X.509 certificates for regulatory database
Nov 25 09:17:48 arch kernel: i801_smbus 0000:00:1f.4: SPD Write Disable is set
Nov 25 09:17:48 arch kernel: i801_smbus 0000:00:1f.4: SMBus using PCI interrupt
Nov 25 09:17:48 arch kernel: i2c i2c-1: 2/2 memory slots populated (from DMI)
Nov 25 09:17:48 arch kernel: cfg80211: Loaded X.509 cert 'sforshee: 00b28ddf47aef9cea7'
Nov 25 09:17:48 arch kernel: i2c i2c-1: Successfully instantiated SPD at 0x50
Nov 25 09:17:48 arch kernel: intel-spi 0000:00:1f.5: XM25QH128A (16384 Kbytes)
Nov 25 09:17:48 arch kernel: platform regulatory.0: Direct firmware load for regulatory.db failed with error -2
Nov 25 09:17:48 arch kernel: cfg80211: failed to load regulatory.db
Nov 25 09:17:48 arch kernel: r8169 0000:02:00.0: can't disable ASPM; OS doesn't have ASPM control
Nov 25 09:17:48 arch kernel: r8169 0000:02:00.0: enabling device (0000 -> 0003)
Nov 25 09:17:48 arch kernel: libphy: r8169: probed
Nov 25 09:17:48 arch kernel: r8169 0000:02:00.0 eth0: RTL8168h/8111h, 84:2a:fd:4d:6f:50, XID 541, IRQ 138
Nov 25 09:17:48 arch kernel: r8169 0000:02:00.0 eth0: jumbo features [frames: 9194 bytes, tx checksumming: ko]
Nov 25 09:17:48 arch kernel: Creating 1 MTD partitions on "0000:00:1f.5":
Nov 25 09:17:48 arch kernel: 0x000000000000-0x000001000000 : "BIOS"
Nov 25 09:17:48 arch kernel: RAPL PMU: API unit is 2^-32 Joules, 5 fixed counters, 655360 ms ovfl timer
Nov 25 09:17:48 arch kernel: RAPL PMU: hw unit of domain pp0-core 2^-14 Joules
Nov 25 09:17:48 arch kernel: RAPL PMU: hw unit of domain package 2^-14 Joules
Nov 25 09:17:48 arch kernel: RAPL PMU: hw unit of domain dram 2^-14 Joules
Nov 25 09:17:48 arch kernel: RAPL PMU: hw unit of domain pp1-gpu 2^-14 Joules
Nov 25 09:17:48 arch kernel: RAPL PMU: hw unit of domain psys 2^-14 Joules
Nov 25 09:17:48 arch kernel: cryptd: max_cpu_qlen set to 1000
Nov 25 09:17:48 arch kernel: AVX2 version of gcm_enc/dec engaged.
Nov 25 09:17:48 arch kernel: AES CTR mode by8 optimization enabled
Nov 25 09:17:48 arch systemd[1]: Finished Monitoring of LVM2 mirrors, snapshots etc. using dmeventd or progress polling.
 Subject: A start job for unit lvm2-monitor.service has finished successfully
 Defined-By: systemd
 Support: https://lists.freedesktop.org/mailman/listinfo/systemd-devel
 
 A start job for unit lvm2-monitor.service has finished successfully.
 
 The job identifier is 59.
Nov 25 09:17:48 arch kernel: audit: type=1130 audit(1606292268.497:6): pid=1 uid=0 auid=4294967295 ses=4294967295 msg='unit=lvm2-monitor comm="systemd" exe="/usr/lib/systemd/systemd" hostname=? addr=? terminal=? res=success'
Nov 25 09:17:48 arch audit[1]: SERVICE_START pid=1 uid=0 auid=4294967295 ses=4294967295 msg='unit=lvm2-monitor comm="systemd" exe="/usr/lib/systemd/systemd" hostname=? addr=? terminal=? res=success'
Nov 25 09:17:48 arch systemd[1]: Reached target Local File Systems (Pre).
 Subject: A start job for unit local-fs-pre.target has finished successfully
 Defined-By: systemd
 Support: https://lists.freedesktop.org/mailman/listinfo/systemd-devel
 
 A start job for unit local-fs-pre.target has finished successfully.
 
 The job identifier is 45.
Nov 25 09:17:48 arch systemd[1]: Condition check resulted in Virtual Machine and Container Storage (Compatibility) being skipped.
 Subject: A start job for unit var-lib-machines.mount has finished successfully
 Defined-By: systemd
 Support: https://lists.freedesktop.org/mailman/listinfo/systemd-devel
 
 A start job for unit var-lib-machines.mount has finished successfully.
 
 The job identifier is 91.
Nov 25 09:17:48 arch systemd[1]: Starting File System Check on /dev/disk/by-uuid/e1e31cdc-9037-4a9e-ae5f-ef3206ccc722...
 Subject: A start job for unit systemd-fsck@dev-disk-by\x2duuid-e1e31cdc\x2d9037\x2d4a9e\x2dae5f\x2def3206ccc722.service has begun execution
 Defined-By: systemd
 Support: https://lists.freedesktop.org/mailman/listinfo/systemd-devel
 
 A start job for unit systemd-fsck@dev-disk-by\x2duuid-e1e31cdc\x2d9037\x2d4a9e\x2dae5f\x2def3206ccc722.service has begun execution.
 
 The job identifier is 40.
Nov 25 09:17:48 arch kernel: checking generic (c0000000 7f0000) vs hw (b2000000 1000000)
Nov 25 09:17:48 arch kernel: checking generic (c0000000 7f0000) vs hw (c0000000 10000000)
Nov 25 09:17:48 arch kernel: fb0: switching to inteldrmfb from EFI VGA
Nov 25 09:17:48 arch kernel: snd_hda_intel 0000:00:1f.3: DSP detected with PCI class/subclass/prog-if info 0x040380
Nov 25 09:17:48 arch kernel: snd_hda_intel 0000:00:1f.3: enabling device (0000 -> 0002)
Nov 25 09:17:48 arch kernel: Console: switching to colour dummy device 80x25
Nov 25 09:17:48 arch kernel: i915 0000:00:02.0: vgaarb: deactivate vga console
Nov 25 09:17:48 arch systemd-udevd[280]: ethtool: autonegotiation is unset or enabled, the speed and duplex are not writable.
Nov 25 09:17:48 arch kernel: i915 0000:00:02.0: vgaarb: changed VGA decodes: olddecodes=io+mem,decodes=io+mem:owns=io+mem
Nov 25 09:17:48 arch kernel: i915 0000:00:02.0: [drm] Finished loading DMC firmware i915/kbl_dmc_ver1_04.bin (v1.4)
Nov 25 09:17:48 arch systemd-fsck[369]: /dev/sda1: clean, 44114/45875200 files, 14950481/183500800 blocks
Nov 25 09:17:48 arch kernel: rtw_8821ce 0000:03:00.0: enabling device (0000 -> 0003)
Nov 25 09:17:48 arch kernel: rtw_8821ce 0000:03:00.0: Firmware version 24.5.0, H2C version 12
Nov 25 09:17:48 arch kernel: rtw_8821ce 0000:03:00.0: rfe 2 isn't supported
Nov 25 09:17:48 arch kernel: rtw_8821ce 0000:03:00.0: failed to setup chip efuse info
Nov 25 09:17:48 arch kernel: rtw_8821ce 0000:03:00.0: failed to setup chip information
Nov 25 09:17:48 arch kernel: intel_rapl_common: Found RAPL domain package
Nov 25 09:17:48 arch kernel: intel_rapl_common: Found RAPL domain core
Nov 25 09:17:48 arch kernel: intel_rapl_common: Found RAPL domain uncore
Nov 25 09:17:48 arch kernel: intel_rapl_common: Found RAPL domain dram
Nov 25 09:17:48 arch systemd[1]: Listening on Load/Save RF Kill Switch Status /dev/rfkill Watch.
 Subject: A start job for unit systemd-rfkill.socket has finished successfully
 Defined-By: systemd
 Support: https://lists.freedesktop.org/mailman/listinfo/systemd-devel
 
 A start job for unit systemd-rfkill.socket has finished successfully.
 
 The job identifier is 114.
Nov 25 09:17:48 arch kernel: iTCO_vendor_support: vendor-support=0
Nov 25 09:17:48 arch kernel: mei_hdcp 0000:00:16.0-b638ab7e-94e2-4ea2-a552-d1c54b627f04: bound 0000:00:02.0 (ops i915_hdcp_component_ops [i915])
Nov 25 09:17:48 arch systemd-udevd[270]: Using default interface naming scheme 'v245'.
Nov 25 09:17:48 arch systemd-udevd[270]: ethtool: autonegotiation is unset or enabled, the speed and duplex are not writable.
Nov 25 09:17:48 arch kernel: r8169 0000:02:00.0 eno1: renamed from eth0
Nov 25 09:17:48 arch kernel: 8821ce: loading out-of-tree module taints kernel.
Nov 25 09:17:48 arch kernel: 8821ce: module verification failed: signature and/or required key missing - tainting kernel
Nov 25 09:17:48 arch kernel: ee1004 1-0050: 512 byte EE1004-compliant SPD EEPROM, read-only
Nov 25 09:17:48 arch systemd-udevd[289]: Using default interface naming scheme 'v245'.
Nov 25 09:17:48 arch kernel: iTCO_wdt: Intel TCO WatchDog Timer Driver v1.11
Nov 25 09:17:48 arch kernel: iTCO_wdt: Found a Intel PCH TCO device (Version=6, TCOBASE=0x0400)
Nov 25 09:17:48 arch kernel: input: ELAN0709:00 04F3:30A0 Mouse as /devices/pci0000:00/0000:00:15.0/i2c_designware.0/i2c-0/i2c-ELAN0709:00/0018:04F3:30A0.0001/input/input7
Nov 25 09:17:48 arch kernel: iTCO_wdt: initialized. heartbeat=30 sec (nowayout=0)
Nov 25 09:17:48 arch kernel: input: ELAN0709:00 04F3:30A0 Touchpad as /devices/pci0000:00/0000:00:15.0/i2c_designware.0/i2c-0/i2c-ELAN0709:00/0018:04F3:30A0.0001/input/input9
Nov 25 09:17:48 arch kernel: hid-generic 0018:04F3:30A0.0001: input,hidraw0: I2C HID v1.00 Mouse [ELAN0709:00 04F3:30A0] on i2c-ELAN0709:00
Nov 25 09:17:48 arch systemd[1]: Starting Load/Save RF Kill Switch Status...
 Subject: A start job for unit systemd-rfkill.service has begun execution
 Defined-By: systemd
 Support: https://lists.freedesktop.org/mailman/listinfo/systemd-devel
 
 A start job for unit systemd-rfkill.service has begun execution.
 
 The job identifier is 121.
Nov 25 09:17:48 arch systemd-udevd[295]: Using default interface naming scheme 'v245'.
Nov 25 09:17:48 arch systemd-udevd[295]: ethtool: autonegotiation is unset or enabled, the speed and duplex are not writable.
Nov 25 09:17:48 arch systemd[1]: Started Load/Save RF Kill Switch Status.
 Subject: A start job for unit systemd-rfkill.service has finished successfully
 Defined-By: systemd
 Support: https://lists.freedesktop.org/mailman/listinfo/systemd-devel
 
 A start job for unit systemd-rfkill.service has finished successfully.
 
 The job identifier is 121.
Nov 25 09:17:48 arch kernel: rtl8821ce 0000:03:00.0 wlo1: renamed from wlan0
Nov 25 09:17:48 arch kernel: input: ELAN0709:00 04F3:30A0 Mouse as /devices/pci0000:00/0000:00:15.0/i2c_designware.0/i2c-0/i2c-ELAN0709:00/0018:04F3:30A0.0001/input/input10
Nov 25 09:17:48 arch kernel: input: ELAN0709:00 04F3:30A0 Touchpad as /devices/pci0000:00/0000:00:15.0/i2c_designware.0/i2c-0/i2c-ELAN0709:00/0018:04F3:30A0.0001/input/input12
Nov 25 09:17:48 arch kernel: hid-multitouch 0018:04F3:30A0.0001: input,hidraw0: I2C HID v1.00 Mouse [ELAN0709:00 04F3:30A0] on i2c-ELAN0709:00
Nov 25 09:17:48 arch kernel: audit: type=1130 audit(1606292268.730:7): pid=1 uid=0 auid=4294967295 ses=4294967295 msg='unit=systemd-rfkill comm="systemd" exe="/usr/lib/systemd/systemd" hostname=? addr=? terminal=? res=success'
Nov 25 09:17:48 arch audit[1]: SERVICE_START pid=1 uid=0 auid=4294967295 ses=4294967295 msg='unit=systemd-rfkill comm="systemd" exe="/usr/lib/systemd/systemd" hostname=? addr=? terminal=? res=success'
Nov 25 09:17:48 arch kernel: mousedev: PS/2 mouse device common for all mice
Nov 25 09:17:48 arch systemd[1]: Finished File System Check on /dev/disk/by-uuid/e1e31cdc-9037-4a9e-ae5f-ef3206ccc722.
 Subject: A start job for unit systemd-fsck@dev-disk-by\x2duuid-e1e31cdc\x2d9037\x2d4a9e\x2dae5f\x2def3206ccc722.service has finished successfully
 Defined-By: systemd
 Support: https://lists.freedesktop.org/mailman/listinfo/systemd-devel
 
 A start job for unit systemd-fsck@dev-disk-by\x2duuid-e1e31cdc\x2d9037\x2d4a9e\x2dae5f\x2def3206ccc722.service has finished successfully.
 
 The job identifier is 40.
Nov 25 09:17:48 arch audit[1]: SERVICE_START pid=1 uid=0 auid=4294967295 ses=4294967295 msg='unit=systemd-fsck@dev-disk-by\x2duuid-e1e31cdc\x2d9037\x2d4a9e\x2dae5f\x2def3206ccc722 comm="systemd" exe="/usr/lib/systemd/systemd" hostname=? addr=? terminal=? res=success'
Nov 25 09:17:48 arch kernel: audit: type=1130 audit(1606292268.838:8): pid=1 uid=0 auid=4294967295 ses=4294967295 msg='unit=systemd-fsck@dev-disk-by\x2duuid-e1e31cdc\x2d9037\x2d4a9e\x2dae5f\x2def3206ccc722 comm="systemd" exe="/usr/lib/systemd/systemd" hostname=? addr=? terminal=? res=success'
Nov 25 09:17:48 arch systemd[1]: Mounting /home...
 Subject: A start job for unit home.mount has begun execution
 Defined-By: systemd
 Support: https://lists.freedesktop.org/mailman/listinfo/systemd-devel
 
 A start job for unit home.mount has begun execution.
 
 The job identifier is 39.
Nov 25 09:17:49 arch kernel: input: HP WMI hotkeys as /devices/virtual/input/input6
Nov 25 09:17:49 arch kernel: EXT4-fs (sda1): mounted filesystem with ordered data mode. Opts: (null)
Nov 25 09:17:49 arch systemd[1]: Mounted /home.
 Subject: A start job for unit home.mount has finished successfully
 Defined-By: systemd
 Support: https://lists.freedesktop.org/mailman/listinfo/systemd-devel
 
 A start job for unit home.mount has finished successfully.
 
 The job identifier is 39.
Nov 25 09:17:49 arch systemd[1]: Reached target Local File Systems.
 Subject: A start job for unit local-fs.target has finished successfully
 Defined-By: systemd
 Support: https://lists.freedesktop.org/mailman/listinfo/systemd-devel
 
 A start job for unit local-fs.target has finished successfully.
 
 The job identifier is 38.
Nov 25 09:17:49 arch systemd[1]: Condition check resulted in Rebuild Dynamic Linker Cache being skipped.
 Subject: A start job for unit ldconfig.service has finished successfully
 Defined-By: systemd
 Support: https://lists.freedesktop.org/mailman/listinfo/systemd-devel
 
 A start job for unit ldconfig.service has finished successfully.
 
 The job identifier is 51.
Nov 25 09:17:49 arch systemd[1]: Condition check resulted in Store a System Token in an EFI Variable being skipped.
 Subject: A start job for unit systemd-boot-system-token.service has finished successfully
 Defined-By: systemd
 Support: https://lists.freedesktop.org/mailman/listinfo/systemd-devel
 
 A start job for unit systemd-boot-system-token.service has finished successfully.
 
 The job identifier is 25.
Nov 25 09:17:49 arch systemd[1]: Condition check resulted in Commit a transient machine-id on disk being skipped.
 Subject: A start job for unit systemd-machine-id-commit.service has finished successfully
 Defined-By: systemd
 Support: https://lists.freedesktop.org/mailman/listinfo/systemd-devel
 
 A start job for unit systemd-machine-id-commit.service has finished successfully.
 
 The job identifier is 61.
Nov 25 09:17:49 arch systemd[1]: Starting Create Volatile Files and Directories...
 Subject: A start job for unit systemd-tmpfiles-setup.service has begun execution
 Defined-By: systemd
 Support: https://lists.freedesktop.org/mailman/listinfo/systemd-devel
 
 A start job for unit systemd-tmpfiles-setup.service has begun execution.
 
 The job identifier is 30.
Nov 25 09:17:49 arch systemd[1]: Finished Create Volatile Files and Directories.
 Subject: A start job for unit systemd-tmpfiles-setup.service has finished successfully
 Defined-By: systemd
 Support: https://lists.freedesktop.org/mailman/listinfo/systemd-devel
 
 A start job for unit systemd-tmpfiles-setup.service has finished successfully.
 
 The job identifier is 30.
Nov 25 09:17:49 arch audit[1]: SERVICE_START pid=1 uid=0 auid=4294967295 ses=4294967295 msg='unit=systemd-tmpfiles-setup comm="systemd" exe="/usr/lib/systemd/systemd" hostname=? addr=? terminal=? res=success'
Nov 25 09:17:49 arch systemd[1]: Condition check resulted in Rebuild Journal Catalog being skipped.
 Subject: A start job for unit systemd-journal-catalog-update.service has finished successfully
 Defined-By: systemd
 Support: https://lists.freedesktop.org/mailman/listinfo/systemd-devel
 
 A start job for unit systemd-journal-catalog-update.service has finished successfully.
 
 The job identifier is 27.
Nov 25 09:17:49 arch systemd[1]: Condition check resulted in Update is Completed being skipped.
 Subject: A start job for unit systemd-update-done.service has finished successfully
 Defined-By: systemd
 Support: https://lists.freedesktop.org/mailman/listinfo/systemd-devel
 
 A start job for unit systemd-update-done.service has finished successfully.
 
 The job identifier is 15.
Nov 25 09:17:49 arch kernel: audit: type=1130 audit(1606292269.348:9): pid=1 uid=0 auid=4294967295 ses=4294967295 msg='unit=systemd-tmpfiles-setup comm="systemd" exe="/usr/lib/systemd/systemd" hostname=? addr=? terminal=? res=success'
Nov 25 09:17:49 arch systemd[1]: Starting Update UTMP about System Boot/Shutdown...
 Subject: A start job for unit systemd-update-utmp.service has begun execution
 Defined-By: systemd
 Support: https://lists.freedesktop.org/mailman/listinfo/systemd-devel
 
 A start job for unit systemd-update-utmp.service has begun execution.
 
 The job identifier is 17.
Nov 25 09:17:49 arch audit[522]: SYSTEM_BOOT pid=522 uid=0 auid=4294967295 ses=4294967295 msg=' comm="systemd-update-utmp" exe="/usr/lib/systemd/systemd-update-utmp" hostname=? addr=? terminal=? res=success'
Nov 25 09:17:49 arch kernel: audit: type=1127 audit(1606292269.362:10): pid=522 uid=0 auid=4294967295 ses=4294967295 msg=' comm="systemd-update-utmp" exe="/usr/lib/systemd/systemd-update-utmp" hostname=? addr=? terminal=? res=success'
Nov 25 09:17:49 arch systemd[1]: Finished Update UTMP about System Boot/Shutdown.
 Subject: A start job for unit systemd-update-utmp.service has finished successfully
 Defined-By: systemd
 Support: https://lists.freedesktop.org/mailman/listinfo/systemd-devel
 
 A start job for unit systemd-update-utmp.service has finished successfully.
 
 The job identifier is 17.
Nov 25 09:17:49 arch audit[1]: SERVICE_START pid=1 uid=0 auid=4294967295 ses=4294967295 msg='unit=systemd-update-utmp comm="systemd" exe="/usr/lib/systemd/systemd" hostname=? addr=? terminal=? res=success'
Nov 25 09:17:49 arch systemd[1]: Reached target System Initialization.
 Subject: A start job for unit sysinit.target has finished successfully
 Defined-By: systemd
 Support: https://lists.freedesktop.org/mailman/listinfo/systemd-devel
 
 A start job for unit sysinit.target has finished successfully.
 
 The job identifier is 4.
Nov 25 09:17:49 arch systemd[1]: Started Daily man-db regeneration.
 Subject: A start job for unit man-db.timer has finished successfully
 Defined-By: systemd
 Support: https://lists.freedesktop.org/mailman/listinfo/systemd-devel
 
 A start job for unit man-db.timer has finished successfully.
 
 The job identifier is 66.
Nov 25 09:17:49 arch systemd[1]: Started Monthly clean packages cache.
 Subject: A start job for unit pamac-cleancache.timer has finished successfully
 Defined-By: systemd
 Support: https://lists.freedesktop.org/mailman/listinfo/systemd-devel
 
 A start job for unit pamac-cleancache.timer has finished successfully.
 
 The job identifier is 78.
Nov 25 09:17:49 arch systemd[1]: Started Daily verification of password and group files.
 Subject: A start job for unit shadow.timer has finished successfully
 Defined-By: systemd
 Support: https://lists.freedesktop.org/mailman/listinfo/systemd-devel
 
 A start job for unit shadow.timer has finished successfully.
 
 The job identifier is 65.
Nov 25 09:17:49 arch systemd[1]: Started Daily Cleanup of Temporary Directories.
 Subject: A start job for unit systemd-tmpfiles-clean.timer has finished successfully
 Defined-By: systemd
 Support: https://lists.freedesktop.org/mailman/listinfo/systemd-devel
 
 A start job for unit systemd-tmpfiles-clean.timer has finished successfully.
 
 The job identifier is 67.
Nov 25 09:17:49 arch systemd[1]: Started Daily locate database update.
 Subject: A start job for unit updatedb.timer has finished successfully
 Defined-By: systemd
 Support: https://lists.freedesktop.org/mailman/listinfo/systemd-devel
 
 A start job for unit updatedb.timer has finished successfully.
 
 The job identifier is 68.
Nov 25 09:17:49 arch systemd[1]: Reached target Timers.
 Subject: A start job for unit timers.target has finished successfully
 Defined-By: systemd
 Support: https://lists.freedesktop.org/mailman/listinfo/systemd-devel
 
 A start job for unit timers.target has finished successfully.
 
 The job identifier is 64.
Nov 25 09:17:49 arch systemd[1]: Listening on D-Bus System Message Bus Socket.
 Subject: A start job for unit dbus.socket has finished successfully
 Defined-By: systemd
 Support: https://lists.freedesktop.org/mailman/listinfo/systemd-devel
 
 A start job for unit dbus.socket has finished successfully.
 
 The job identifier is 74.
Nov 25 09:17:49 arch systemd[1]: Listening on Libvirt local socket.
 Subject: A start job for unit libvirtd.socket has finished successfully
 Defined-By: systemd
 Support: https://lists.freedesktop.org/mailman/listinfo/systemd-devel
 
 A start job for unit libvirtd.socket has finished successfully.
 
 The job identifier is 76.
Nov 25 09:17:49 arch systemd[1]: Listening on Libvirt admin socket.
 Subject: A start job for unit libvirtd-admin.socket has finished successfully
 Defined-By: systemd
 Support: https://lists.freedesktop.org/mailman/listinfo/systemd-devel
 
 A start job for unit libvirtd-admin.socket has finished successfully.
 
 The job identifier is 93.
Nov 25 09:17:49 arch systemd[1]: Listening on Libvirt local read-only socket.
 Subject: A start job for unit libvirtd-ro.socket has finished successfully
 Defined-By: systemd
 Support: https://lists.freedesktop.org/mailman/listinfo/systemd-devel
 
 A start job for unit libvirtd-ro.socket has finished successfully.
 
 The job identifier is 75.
Nov 25 09:17:49 arch systemd[1]: Listening on Virtual machine lock manager socket.
 Subject: A start job for unit virtlockd.socket has finished successfully
 Defined-By: systemd
 Support: https://lists.freedesktop.org/mailman/listinfo/systemd-devel
 
 A start job for unit virtlockd.socket has finished successfully.
 
 The job identifier is 73.
Nov 25 09:17:49 arch systemd[1]: Listening on Virtual machine log manager socket.
 Subject: A start job for unit virtlogd.socket has finished successfully
 Defined-By: systemd
 Support: https://lists.freedesktop.org/mailman/listinfo/systemd-devel
 
 A start job for unit virtlogd.socket has finished successfully.
 
 The job identifier is 72.
Nov 25 09:17:49 arch systemd[1]: Reached target Sockets.
 Subject: A start job for unit sockets.target has finished successfully
 Defined-By: systemd
 Support: https://lists.freedesktop.org/mailman/listinfo/systemd-devel
 
 A start job for unit sockets.target has finished successfully.
 
 The job identifier is 70.
Nov 25 09:17:49 arch systemd[1]: Reached target Basic System.
 Subject: A start job for unit basic.target has finished successfully
 Defined-By: systemd
 Support: https://lists.freedesktop.org/mailman/listinfo/systemd-devel
 
 A start job for unit basic.target has finished successfully.
 
 The job identifier is 3.
Nov 25 09:17:49 arch systemd[1]: Started D-Bus System Message Bus.
 Subject: A start job for unit dbus.service has finished successfully
 Defined-By: systemd
 Support: https://lists.freedesktop.org/mailman/listinfo/systemd-devel
 
 A start job for unit dbus.service has finished successfully.
 
 The job identifier is 86.
Nov 25 09:17:49 arch audit[1]: SERVICE_START pid=1 uid=0 auid=4294967295 ses=4294967295 msg='unit=dbus comm="systemd" exe="/usr/lib/systemd/systemd" hostname=? addr=? terminal=? res=success'
Nov 25 09:17:49 arch systemd[1]: Starting Network Manager...
 Subject: A start job for unit NetworkManager.service has begun execution
 Defined-By: systemd
 Support: https://lists.freedesktop.org/mailman/listinfo/systemd-devel
 
 A start job for unit NetworkManager.service has begun execution.
 
 The job identifier is 87.
Nov 25 09:17:49 arch systemd[1]: Starting Optimus Manager Commands Daemon...
 Subject: A start job for unit optimus-manager.service has begun execution
 Defined-By: systemd
 Support: https://lists.freedesktop.org/mailman/listinfo/systemd-devel
 
 A start job for unit optimus-manager.service has begun execution.
 
 The job identifier is 101.
Nov 25 09:17:49 arch audit: BPF prog-id=7 op=LOAD
Nov 25 09:17:49 arch audit: BPF prog-id=8 op=LOAD
Nov 25 09:17:49 arch systemd[1]: Starting User Login Management...
 Subject: A start job for unit systemd-logind.service has begun execution
 Defined-By: systemd
 Support: https://lists.freedesktop.org/mailman/listinfo/systemd-devel
 
 A start job for unit systemd-logind.service has begun execution.
 
 The job identifier is 95.
Nov 25 09:17:49 arch audit: BPF prog-id=9 op=LOAD
Nov 25 09:17:49 arch audit: BPF prog-id=10 op=LOAD
Nov 25 09:17:49 arch systemd[1]: Starting Virtual Machine and Container Registration Service...
 Subject: A start job for unit systemd-machined.service has begun execution
 Defined-By: systemd
 Support: https://lists.freedesktop.org/mailman/listinfo/systemd-devel
 
 A start job for unit systemd-machined.service has begun execution.
 
 The job identifier is 90.
